Archive member included to satisfy reference by file (symbol)

C:/devkitPro/libgba/lib\libmm.a(mm_mas.o)
                              bn_audio_manager.o (symbol from plugin) (mmStart)
C:/devkitPro/libgba/lib\libmm.a(mm_main.o)
                              C:/devkitPro/libgba/lib\libmm.a(mm_mas.o) (mmCallback)
C:/devkitPro/libgba/lib\libmm.a(mm_effect.o)
                              bn_hw_audio.o (symbol from plugin) (mmEffect)
C:/devkitPro/libgba/lib\libmm.a(mm_mas_arm.o)
                              C:/devkitPro/libgba/lib\libmm.a(mm_mas.o) (mmAllocChannel)
C:/devkitPro/libgba/lib\libmm.a(mm_mixer_gba.o)
                              bn_hw_audio.o (symbol from plugin) (mmVBlank)
C:/devkitPro/libgba/lib\libmm.a(mm_main_gba.o)
                              C:/devkitPro/libgba/lib\libmm.a(mm_mixer_gba.o) (mm_vblank_function)
C:/devkitPro/devkitARM/bin/../lib/gcc/arm-none-eabi/13.1.0/thumb\libgcc.a(_call_via_rX.o)
                              C:/devkitPro/libgba/lib\libmm.a(mm_main_gba.o) (_call_via_r1)

Discarded input sections

 .text          0x00000000        0x0 C:/devkitPro/devkitARM/bin/../lib/gcc/arm-none-eabi/13.1.0/../../../../arm-none-eabi/lib/thumb/gba_crt0.o
 .data          0x00000000        0x0 C:/devkitPro/devkitARM/bin/../lib/gcc/arm-none-eabi/13.1.0/../../../../arm-none-eabi/lib/thumb/gba_crt0.o
 .bss           0x00000000        0x0 C:/devkitPro/devkitARM/bin/../lib/gcc/arm-none-eabi/13.1.0/../../../../arm-none-eabi/lib/thumb/gba_crt0.o
 .text          0x00000000        0x0 C:/devkitPro/devkitARM/bin/../lib/gcc/arm-none-eabi/13.1.0/thumb/crti.o
 .data          0x00000000        0x0 C:/devkitPro/devkitARM/bin/../lib/gcc/arm-none-eabi/13.1.0/thumb/crti.o
 .bss           0x00000000        0x0 C:/devkitPro/devkitARM/bin/../lib/gcc/arm-none-eabi/13.1.0/thumb/crti.o
 .text          0x00000000        0x0 C:/devkitPro/devkitARM/bin/../lib/gcc/arm-none-eabi/13.1.0/thumb/crtbegin.o
 .data          0x00000000        0x0 C:/devkitPro/devkitARM/bin/../lib/gcc/arm-none-eabi/13.1.0/thumb/crtbegin.o
 .bss           0x00000000        0x0 C:/devkitPro/devkitARM/bin/../lib/gcc/arm-none-eabi/13.1.0/thumb/crtbegin.o
 .rodata.all_implied_fbits
                0x00000000       0x24 C:/devkitPro/devkitARM/bin/../lib/gcc/arm-none-eabi/13.1.0/thumb/crtbegin.o
 .data.__dso_handle
                0x00000000        0x4 C:/devkitPro/devkitARM/bin/../lib/gcc/arm-none-eabi/13.1.0/thumb/crtbegin.o
 .text          0x00000000        0x0 _bn_audio_soundbank.bin.o
 .data          0x00000000        0x0 _bn_audio_soundbank.bin.o
 .bss           0x00000000        0x0 _bn_audio_soundbank.bin.o
 .text          0x00000000        0x0 coco_bn_gfx.o
 .data          0x00000000        0x0 coco_bn_gfx.o
 .bss           0x00000000        0x0 coco_bn_gfx.o
 .text          0x00000000        0x0 def_villager_bn_gfx.o
 .data          0x00000000        0x0 def_villager_bn_gfx.o
 .bss           0x00000000        0x0 def_villager_bn_gfx.o
 .rodata        0x00000000      0x820 def_villager_bn_gfx.o
 .text          0x00000000        0x0 grass_bn_gfx.o
 .data          0x00000000        0x0 grass_bn_gfx.o
 .bss           0x00000000        0x0 grass_bn_gfx.o
 .rodata        0x00000000      0x220 grass_bn_gfx.o
 .text          0x00000000        0x0 house_bn_gfx.o
 .data          0x00000000        0x0 house_bn_gfx.o
 .bss           0x00000000        0x0 house_bn_gfx.o
 .text          0x00000000        0x0 lily_bn_gfx.o
 .data          0x00000000        0x0 lily_bn_gfx.o
 .bss           0x00000000        0x0 lily_bn_gfx.o
 .text          0x00000000        0x0 maple_bn_gfx.o
 .data          0x00000000        0x0 maple_bn_gfx.o
 .bss           0x00000000        0x0 maple_bn_gfx.o
 .text          0x00000000        0x0 outside_tiles_bn_gfx.o
 .data          0x00000000        0x0 outside_tiles_bn_gfx.o
 .bss           0x00000000        0x0 outside_tiles_bn_gfx.o
 .text          0x00000000        0x0 palette_bn_gfx.o
 .data          0x00000000        0x0 palette_bn_gfx.o
 .bss           0x00000000        0x0 palette_bn_gfx.o
 .text          0x00000000        0x0 player_villager_bn_gfx.o
 .data          0x00000000        0x0 player_villager_bn_gfx.o
 .bss           0x00000000        0x0 player_villager_bn_gfx.o
 .text          0x00000000        0x0 sky_bn_gfx.o
 .data          0x00000000        0x0 sky_bn_gfx.o
 .bss           0x00000000        0x0 sky_bn_gfx.o
 .text          0x00000000        0x0 tree_bn_gfx.o
 .data          0x00000000        0x0 tree_bn_gfx.o
 .bss           0x00000000        0x0 tree_bn_gfx.o
 .text          0x00000000        0x0 tree_stump_bn_gfx.o
 .data          0x00000000        0x0 tree_stump_bn_gfx.o
 .bss           0x00000000        0x0 tree_stump_bn_gfx.o
 .text          0x00000000        0x0 common_fixed_8x16_font_bn_gfx.o
 .data          0x00000000        0x0 common_fixed_8x16_font_bn_gfx.o
[...]
Memory Configuration

Name             Origin             Length             Attributes
rom              0x08000000         0x02000000
iwram            0x03000000         0x00008000
ewram            0x02000000         0x00040000
*default*        0x00000000         0xffffffff

Linker script and memory map

                0x08000000                        __text_start = ORIGIN (rom)
                0x02040000                        __eheap_end = (ORIGIN (ewram) + LENGTH (ewram))
                0x03000000                        __iwram_start = ORIGIN (iwram)
                0x03008000                        __iwram_top = (ORIGIN (iwram) + LENGTH (iwram))
                0x03007fa0                        __sp_irq = (__iwram_top - 0x60)
                0x03007f00                        __sp_usr = (__sp_irq - 0xa0)
                0x03007ff8                        __irq_flags = 0x3007ff8
                0x08000000                        . = __text_start

.crt0           0x08000000      0x210
 *(.crt0)
 .crt0          0x08000000      0x210 C:/devkitPro/devkitARM/bin/../lib/gcc/arm-none-eabi/13.1.0/../../../../arm-none-eabi/lib/thumb/gba_crt0.o
                0x08000000                _start
                0x080000c4                __boot_method
                0x080000c5                __slave_number
                0x080000e0                start_vector
                0x08000210                        . = ALIGN (0x4)

.init           0x08000210        0xc
 *(SORT_NONE(.init))
 .init          0x08000210        0x4 C:/devkitPro/devkitARM/bin/../lib/gcc/arm-none-eabi/13.1.0/thumb/crti.o
                0x08000210                _init
 .init          0x08000214        0x8 C:/devkitPro/devkitARM/bin/../lib/gcc/arm-none-eabi/13.1.0/thumb/crtn.o

.plt            0x0800021c        0x0
 *(.plt)
                0x0800021c                        . = ALIGN (0x4)

.text           0x08000220    0x132f0
 *(EXCLUDE_FILE(*.iwram*) .text*)
 .text.__do_global_dtors_aux
                0x08000220       0x2c C:/devkitPro/devkitARM/bin/../lib/gcc/arm-none-eabi/13.1.0/thumb/crtbegin.o
 .text.frame_dummy
                0x0800024c       0x24 C:/devkitPro/devkitARM/bin/../lib/gcc/arm-none-eabi/13.1.0/thumb/crtbegin.o
 .text          0x08000270     0x820c C:\Users\janwi\AppData\Local\Temp\ccrYZXc2.ltrans0.ltrans.o
                0x080006f0                bn::istring::_assign(char const*, int)
                0x08000754                bn::camera_ptr::position() const
                0x08000768                operator new(unsigned int)
                0x0800078c                bn::regular_bg_tiles_item::valid_tiles_count(int, bn::bpp_mode)
                0x080007c8                bn::bg_blocks_manager::decrease_usages(int)
                0x0800088c                bn::bgs_manager::update_regular_map_tiles_cbb(int, int)
                0x08000940                bn::bgs_manager::update_regular_map_palette_bpp(int, bn::bpp_mode)
                0x08000a00                bn::hw::palettes::grayscale(bn::color const*, int, int, bn::color*) [clone .part.0] [clone .lto_priv.0]
                0x08000a3c                bn::core::on_vblank()
                0x08000b64                operator delete(void*)
                0x08000b70                operator delete(void*, unsigned int)
                0x08000b7c                operator new[](unsigned int)
                0x08000ba0                operator delete[](void*)
                0x08000bac                operator delete[](void*, unsigned int)
                0x08000bb8                void _bn::assert::show_args<char [54]>(char const*, char const*, char const*, int, char const (&) [54])
                0x08000bb8                void _bn::assert::show_args<char [16]>(char const*, char const*, char const*, int, char const (&) [16])
                0x08000bb8                void _bn::assert::show_args<char [18]>(char const*, char const*, char const*, int, char const (&) [18])
                0x08000bb8                void _bn::assert::show_args<char [33]>(char const*, char const*, char const*, int, char const (&) [33])
                0x08000bb8                void _bn::assert::show_args<char [46]>(char const*, char const*, char const*, int, char const (&) [46])
                0x08000bb8                void _bn::assert::show_args<char [17]>(char const*, char const*, char const*, int, char const (&) [17])
                0x08000bb8                void _bn::assert::show_args<char [26]>(char const*, char const*, char const*, int, char const (&) [26])
                0x08000bb8                void _bn::assert::show_args<char [19]>(char const*, char const*, char const*, int, char const (&) [19])
                0x08000bb8                void _bn::assert::show_args<char [15]>(char const*, char const*, char const*, int, char const (&) [15])
                0x08000bb8                void _bn::assert::show_args<char [23]>(char const*, char const*, char const*, int, char const (&) [23])
                0x08000bb8                void _bn::assert::show_args<char [13]>(char const*, char const*, char const*, int, char const (&) [13])
                0x08000bb8                void _bn::assert::show_args<char [37]>(char const*, char const*, char const*, int, char const (&) [37])
                0x08000bb8                void _bn::assert::show_args<char [22]>(char const*, char const*, char const*, int, char const (&) [22])
                0x08000bb8                void _bn::assert::show_args<char [30]>(char const*, char const*, char const*, int, char const (&) [30])
                0x08000bb8                void _bn::assert::show_args<char [35]>(char const*, char const*, char const*, int, char const (&) [35])
                0x08000bb8                void _bn::assert::show_args<char [27]>(char const*, char const*, char const*, int, char const (&) [27])
                0x08000bb8                void _bn::assert::show_args<char [14]>(char const*, char const*, char const*, int, char const (&) [14])
                0x08000c04                bn::optional<bn::affine_bg_tiles_ptr>::operator->() const [clone .part.0] [clone .lto_priv.0]
                0x08000c04                bn::optional<bn::bg_palette_ptr>::operator->() const [clone .part.0] [clone .lto_priv.0]
                0x08000c2c                bn::bg_blocks_manager::(anonymous namespace)::item_type::regular_tiles_offset() const [clone .lto_priv.0]
                0x080014d0                bn::optional<bn::bg_palette_ptr>::operator->() [clone .part.0] [clone .lto_priv.0]
                0x080014d0                bn::optional<bn::regular_bg_tiles_ptr>::operator->() [clone .part.0] [clone .lto_priv.0]
                0x080014f8                bn::optional<bn::regular_bg_tiles_ptr>::operator*() const [clone .part.0] [clone .lto_priv.0]
                0x08001520                bn::optional<bn::regular_bg_map_ptr>::operator*() [clone .part.0] [clone .lto_priv.0]
                0x08001548                _bn::assert::show(char const*, char const*, char const*, int, bn::istring_base const&)
                0x08001798                void _bn::assert::show_args<char [18], int>(char const*, char const*, char const*, int, char const (&) [18], int const&)
                0x08001798                void _bn::assert::show_args<char [15], int>(char const*, char const*, char const*, int, char const (&) [15], int const&)
                0x08001798                void _bn::assert::show_args<char [22], int>(char const*, char const*, char const*, int, char const (&) [22], int const&)
                0x08001798                void _bn::assert::show_args<char [17], int>(char const*, char const*, char const*, int, char const (&) [17], int const&)
                0x08001798                void _bn::assert::show_args<char [16], int>(char const*, char const*, char const*, int, char const (&) [16], int const&)
                0x08001798                void _bn::assert::show_args<char [27], int>(char const*, char const*, char const*, int, char const (&) [27], int const&)
                0x08001798                void _bn::assert::show_args<char [25], int>(char const*, char const*, char const*, int, char const (&) [25], int const&)
                0x08001798                void _bn::assert::show_args<char [39], int>(char const*, char const*, char const*, int, char const (&) [39], int const&)
                0x08001798                void _bn::assert::show_args<char [26], int>(char const*, char const*, char const*, int, char const (&) [26], int const&)
                0x08001c70                bn::bg_blocks_manager::(anonymous namespace)::_create_impl(bn::bg_blocks_manager::(anonymous namespace)::create_data&&) [clone .lto_priv.0]
                0x08001e7c                bn::span<bn::color const>::_build_end(bn::color const*, int)
                0x08001edc                bn::sprite_palette_ptr::create(bn::sprite_palette_item const&)
                0x0800232c                void bn::ostringstream::append<12>(bn::fixed_t<12>)
                0x080023f4                bn::bgs_manager::(anonymous namespace)::_insert_item(bn::bgs_manager::(anonymous namespace)::item_type&) [clone .lto_priv.0]
                0x08008068                void bn::ostringstream::append_args<char [4], int>(char const (&) [4], int const&)
                0x08008080                bn::bg_blocks_manager::log_status()
 .text.startup  0x0800847c      0xe90 C:\Users\janwi\AppData\Local\Temp\ccrYZXc2.ltrans0.ltrans.o
                0x0800847c                main
 .text          0x0800930c     0x7814 C:\Users\janwi\AppData\Local\Temp\ccrYZXc2.ltrans1.ltrans.o
                0x0800930c                bn::hw::link::(anonymous namespace)::_resetStateCallback() [clone .lto_priv.0]
                0x08009f9c                bn::hw::audio::(anonymous namespace)::_disabled_vblank_handler() [clone .lto_priv.0]
                0x08009fd4                bn::ostringstream::ostringstream(bn::istring_base&)
                0x08009fd4                bn::ostringstream::ostringstream(bn::istring_base&)
                0x08009fdc                bn::sprite_affine_mats_manager::set_horizontal_flip(int, bool) [clone .part.0]
                0x0800a05c                bn::sprites_manager::(anonymous namespace)::_always_update_indexes_to_commit(bn::sprites_manager_item const&) [clone .lto_priv.0]
                0x0800a0a4                bn::camera_ptr::~camera_ptr() [clone .isra.0]
                0x0800a0d4                bn::sprites_manager::set_position(void*, bn::fixed_point const&)
                0x0800a148                bn::string_view::string_view(char const*) [clone .isra.0]
                0x0800a164                LinkConnection::stop() [clone .constprop.0]
                0x0800a190                clr_grayscale
                0x0800a208                bn::palettes_bank::_apply_global_effects(int, bn::color*) const
                0x0800a354                bn::palettes_bank::palette::apply_effects(int, bn::color*) const
                0x0800a498                bn::palettes_bank::update()
                0x0800a5bc                IRQ_Disable
                0x0800a61c                gbt_refresh_pattern_ptr.lto_priv.0
                0x0800a6a0                gbt_run_startup_commands.part.0.lto_priv.0
                0x0800adf4                bn::hw::audio::(anonymous namespace)::_commit() [clone .lto_priv.0]
                0x0800ae80                bn::hw::audio::(anonymous namespace)::_enabled_vblank_handler() [clone .lto_priv.0]
                0x0800aecc                bn::best_fit_allocator::free(void*) [clone .constprop.0]
                0x0800afe8                bn::regular_bg_map_ptr::~regular_bg_map_ptr() [clone .isra.0]
                0x0800affc                bn::hw::log(bn::istring_base const&) [clone .isra.0]
                0x0800b050                bn::best_fit_allocator::alloc(int) [clone .constprop.0]
                0x0800b1b8                bn::sprite_shape_size::tiles_count(bn::bpp_mode) const [clone .part.0] [clone .isra.0]
                0x0800b298                bn::sprite_shape_size::tiles_count(bn::bpp_mode) const [clone .isra.0]
                0x0800b380                void _bn::assert::show_args<char [19], int, char [4], int>(char const*, char const*, char const*, int, char const (&) [19], int const&, char const (&) [4], int const&) [clone .constprop.0]
                0x0800b3e4                bn::ostringstream::append(char const*)
                0x0800b4fc                void _bn::assert::show_args<char [24], bn::fixed_t<12>, char [4], bn::fixed_t<12> >(char const*, char const*, char const*, int, char const (&) [24], bn::fixed_t<12> const&, char const (&) [4], bn::fixed_t<12> const&) [clone .constprop.0]
                0x0800b5fc                bn::ostringstream::append(int)
                0x0800b858                void _bn::assert::show_args<char [20], int, char [4], unsigned short>(char const*, char const*, char const*, int, char const (&) [20], int const&, char const (&) [4], unsigned short const&) [clone .constprop.0]
                0x0800b8c4                bn::hw::show::error(bn::system_font const&, bn::string_view const&, bn::string_view const&, bn::string_view const&, int, bn::string_view const&, bn::string_view const&) [clone .constprop.0]
                0x0800bbb4                bn::ostringstream::append(unsigned int)
                0x0800bcc8                void _bn::assert::show_args<char [35], unsigned int>(char const*, char const*, char const*, int, char const (&) [35], unsigned int const&) [clone .constprop.0]
                0x0800bd24                bn::ostringstream::append(void const*)
                0x0800c07c                void _bn::assert::show_args<char [28], char [15], bn::tile const*, char [16], int, char [34], bn::string_view>(char const*, char const*, char const*, int, char const (&) [28], char const (&) [15], bn::tile const* const&, char const (&) [16], int const&, char const (&) [34], bn::string_view const&) [clone .constprop.0]
                0x0800c0fc                bn::bgs_manager::set_regular_position(void*, bn::fixed_point const&) [clone .constprop.0]
                0x0800c1e8                bn::istring::assign(char const*) [clone .isra.0]
                0x0800c4b0                bn::sprite_affine_mats_manager::decrease_usages(int)
                0x0800c524                bn::sprite_tiles_manager::log_status()
                0x0800c808                bn::ostringstream::_append_fraction(unsigned int, int)
                0x0800c908                bn::hw::link::_timer_intr()
                0x0800c9fc                bn::hw::link::_serial_intr()
                0x0800cbb4                bn::ostringstream::append(char) [clone .isra.0]
                0x0800cbf8                bn::palettes_bank::decrease_usages(int) [clone .part.0]
                0x0800ce60                bn::bg_palette_ptr::~bg_palette_ptr() [clone .isra.0]
                0x0800ce98                bn::bg_blocks_manager::(anonymous namespace)::items_list::insert_after(int, bn::bg_blocks_manager::(anonymous namespace)::item_type const&) [clone .constprop.0]
                0x0800d190                bn::bg_blocks_manager::(anonymous namespace)::item_type::~item_type() [clone .isra.0]
                0x0800d3a8                bn::iunordered_map<void const*, int, bn::bg_blocks_manager::(anonymous namespace)::identity_hasher, bn::equal_to<void const*> >::erase(bn::iunordered_map<void const*, int, bn::bg_blocks_manager::(anonymous namespace)::identity_hasher, bn::equal_to<void const*> >::const_iterator const&) [clone .constprop.0] [clone .isra.0]
                0x0800d974                bn::sprite_tiles_manager::update()
                0x0800dba0                bn::sprite_tiles_ptr::~sprite_tiles_ptr() [clone .isra.0]
                0x0800dde0                bn::sprite_tiles_manager::(anonymous namespace)::_find_impl(bn::tile const*, bn::compression_type, int) [clone .lto_priv.0]
                0x0800e310                bn::sprite_tiles_manager::(anonymous namespace)::_create_impl(bn::tile const*, bn::compression_type, int) [clone .lto_priv.0]
                0x0800e510                bn::sprite_tiles_ptr::create(bn::sprite_tiles_item const&)
                0x0800e684                bn::sprites_manager::decrease_usages(void*)
                0x0800e890                bn::sprite_ptr::~sprite_ptr() [clone .isra.0]
                0x0800e8a4                bn::optional<bn::sprite_ptr>::operator=(bn::optional<bn::sprite_ptr>&&) [clone .isra.0]
                0x0800e8e0                bn::hw::audio::(anonymous namespace)::_check_sounds_queue() [clone .part.0] [clone .lto_priv.0]
                0x0800e980                bn::hw::link::(anonymous namespace)::_sendDataCallback() [clone .lto_priv.0]
                0x0800ea64                bn::hw::link::(anonymous namespace)::_receiveResponseCallback(LinkResponse const&) [clone .lto_priv.0]
                0x0800ebc0                bn::sprites_manager::set_tiles(void*, bn::sprite_tiles_ptr&&)
                0x0800ecfc                bn::regular_bg_map_ptr::bpp() const [clone .isra.0]
                0x0800ed5c                bn::hw::audio::(anonymous namespace)::_add_sound_to_queue(int, unsigned short) [clone .lto_priv.0]
                0x0800ee24                bn::sorted_sprites::sorter::insert(bn::sprites_manager_item&) [clone .constprop.0]
                0x0800f018                bn::sprites_manager::set_z_order(void*, int)
                0x0800f15c                bn::sprite_ptr::create_optional(bn::fixed_point const&, bn::sprite_item const&) [clone .constprop.0]
                0x0800f370                ac::core::game::update_sprite(bn::point, bn::sprite_ptr*, int) [clone .constprop.0]
                0x0800f674                bn::ivector<bn::bgs_manager::(anonymous namespace)::item_type*>::size_type bn::erase<bn::bgs_manager::(anonymous namespace)::item_type*>(bn::ivector<bn::bgs_manager::(anonymous namespace)::item_type*>&, bn::bgs_manager::(anonymous namespace)::item_type* const&) [clone .constprop.0] [clone .isra.0]
                0x0800fa88                bn::regular_bg_ptr::create(bn::fixed_t<12>, bn::fixed_t<12>, bn::regular_bg_item const&) [clone .constprop.0]
                0x08010aa4                bn::(anonymous namespace)::_create_impl(bn::sprite_palette_item const&, bool) [clone .constprop.0]
 .text.startup  0x08010b20      0x6e0 C:\Users\janwi\AppData\Local\Temp\ccrYZXc2.ltrans1.ltrans.o
 .text.exit     0x08011200      0x18c C:\Users\janwi\AppData\Local\Temp\ccrYZXc2.ltrans1.ltrans.o
 .text.__libc_init_array
                0x0801138c       0x50 bn_hw_common.bn_noflto.o
                0x0801138c                __libc_init_array
 .text._ZN3_bn6assert9show_argsIA40_cEEvPKcS4_S4_iRKT_
                0x080113dc       0x50 bn_hw_common.bn_noflto.o
                0x080113dc                void _bn::assert::show_args<char [40]>(char const*, char const*, char const*, int, char const (&) [40])
 .text.__aeabi_idiv0
                0x0801142c       0x24 bn_hw_common.bn_noflto.o
                0x0801142c                __aeabi_idiv0
 .text._ZN2bn2hw8game_pak14_slow_game_pakEv
                0x08011450       0x88 bn_hw_game_pak.bn_ewram.o
                0x08011450                bn::hw::game_pak::_slow_game_pak()
 .text          0x080114d8       0x8c tonc_bios.o
                0x080114d8                SoftReset
                0x080114dc                RegisterRamReset
                0x080114e0                Halt
                0x080114e4                Stop
                0x080114e8                IntrWait
                0x080114ec                VBlankIntrWait
                0x080114f0                Div
                0x080114f4                DivArm
                0x080114f8                Sqrt
                0x080114fc                ArcTan
                0x08011500                ArcTan2
                0x08011504                CpuSet
                0x08011508                CpuFastSet
                0x0801150c                BiosCheckSum
                0x08011510                BgAffineSet
                0x08011514                ObjAffineSet
                0x08011518                BitUnPack
                0x0801151c                LZ77UnCompWram
                0x08011520                LZ77UnCompVram
                0x08011524                HuffUnComp
                0x08011528                RLUnCompWram
                0x0801152c                RLUnCompVram
                0x08011530                Diff8bitUnFilterWram
                0x08011534                Diff8bitUnFilterVram
                0x08011538                Diff16bitUnFilter
                0x0801153c                SoundBias
                0x08011540                SoundDriverInit
                0x08011544                SoundDriverMode
                0x08011548                SoundDriverMain
                0x0801154c                SoundDriverVSync
                0x08011550                SoundChannelClear
                0x08011554                MidiKey2Freq
                0x08011558                MultiBoot
                0x0801155c                SoundDriverVSyncOff
                0x08011560                SoundDriverVSyncOn
 .text          0x08011564       0x3c tonc_memset.o
                0x08011564                memset16
 .text          0x080115a0      0x26c posprintf.o
                0x080115a4                posprintf
 .text          0x0801180c     0x1570 C:/devkitPro/libgba/lib\libmm.a(mm_mas.o)
                0x08011880                mmStart
                0x080118a0                mmJingle
                0x080118a6                mmPlayModule
                0x08011970                mmPause
                0x0801198c                mmResume
                0x0801199c                mmActive
                0x080119a2                mmActiveSub
                0x080119a8                mmSetModuleVolume
                0x080119b8                mmSetJingleVolume
                0x080119f4                mmGetPositionTick
                0x080119fa                mmGetPositionRow
                0x08011a00                mmGetPosition
                0x08011a06                mmPosition
                0x08011a20                mmSetModuleTempo
                0x08011a52                mmSetModulePitch
                0x08011a94                mmStop
                0x08011b5a                mppUpdateSub
                0x08011cb6                mpp_Process_VolumeCommand
                0x08011eee                mpp_Process_Effect
                0x0801263c                ST3_FREQTABLE
                0x08012a5c                IT_PitchTable
 .text          0x08012d7c       0x14 C:/devkitPro/libgba/lib\libmm.a(mm_main.o)
                0x08012d7c                mpp_call_r7
                0x08012d7e                mpp_call_r1
                0x08012d80                mpp_call_r2
                0x08012d82                mpp_call_r3
                0x08012d84                mmSetEventHandler
 .text          0x08012d90      0x314 C:/devkitPro/libgba/lib\libmm.a(mm_effect.o)
                0x08012d90                mmResetEffects
                0x08012dbc                mmEffect
                0x08012dd2                mmEffectEx
                0x08012ed2                mmEffectActive
                0x08012f06                mmEffectVolume
                0x08012f22                mmEffectPanning
                0x08012f36                mmEffectRate
                0x08012f4a                mmEffectCancel
                0x08012f84                mmEffectRelease
                0x08012faa                mmEffectScaleRate
                0x08012fbe                mmSetEffectsVolume
                0x08012fcc                mmEffectCancelAll
                0x0801300c                mmUpdateEffects
 .text          0x080130a4      0x1e0 C:/devkitPro/libgba/lib\libmm.a(mm_mixer_gba.o)
                0x080130a4                mmMixerSetSource
                0x080130b8                mmMixerSetRead
                0x080130c6                mmMixerSetFreq
                0x080130d6                mmMixerMulFreq
                0x080130ea                mmMixerStopChannel
                0x080130fc                mmMixerChannelActive
                0x0801310e                mmMixerSetVolume
                0x0801311c                mmMixerSetPan
                0x0801312a                mmMixerInit
 .text          0x08013284      0x12c C:/devkitPro/libgba/lib\libmm.a(mm_main_gba.o)
                0x08013284                mmInit
                0x080132d8                mmSetVBlankHandler
                0x080132de                mmFrame
 .text          0x080133b0       0x3c C:/devkitPro/devkitARM/bin/../lib/gcc/arm-none-eabi/13.1.0/thumb\libgcc.a(_call_via_rX.o)
                0x080133b0                _call_via_r0
                0x080133b4                _call_via_r1
                0x080133b8                _call_via_r2
                0x080133bc                _call_via_r3
                0x080133c0                _call_via_r4
                0x080133c4                _call_via_r5
                0x080133c8                _call_via_r6
                0x080133cc                _call_via_r7
                0x080133d0                _call_via_r8
                0x080133d4                _call_via_r9
                0x080133d8                _call_via_sl
                0x080133dc                _call_via_fp
                0x080133e0                _call_via_ip
                0x080133e4                _call_via_sp
                0x080133e8                _call_via_lr
 *fill*         0x080133ec        0x4 ff
 .text.__stub   0x080133f0       0xd8 linker stubs
 *(.gnu.linkonce.t.*)
 *(.text.*personality*)
 *(.gnu.warning)
 *(.glue_7t)
 .glue_7t       0x08013510        0x0 linker stubs
 *(.glue_7)
 .glue_7        0x08013510        0x0 linker stubs
 *(.vfp11_veneer)
 .vfp11_veneer  0x08013510        0x0 linker stubs
                0x08013510                        . = ALIGN (0x4)
                0x08013510                        __text_end = .

.v4_bx          0x08013510        0x0
 .v4_bx         0x08013510        0x0 linker stubs

.iplt           0x08013510        0x0
 .iplt          0x08013510        0x0 C:/devkitPro/devkitARM/bin/../lib/gcc/arm-none-eabi/13.1.0/../../../../arm-none-eabi/lib/thumb/gba_crt0.o

.fini           0x08013510        0xc
 *(.fini)
 .fini          0x08013510        0x4 C:/devkitPro/devkitARM/bin/../lib/gcc/arm-none-eabi/13.1.0/thumb/crti.o
                0x08013510                _fini
 .fini          0x08013514        0x8 C:/devkitPro/devkitARM/bin/../lib/gcc/arm-none-eabi/13.1.0/thumb/crtn.o
                0x0801351c                        . = ALIGN (0x4)

.rodata         0x0801351c     0x7bd8
 *(.rodata)
 .rodata        0x0801351c      0x620 coco_bn_gfx.o
                0x0801351c                coco_bn_gfxTiles
                0x08013b1c                coco_bn_gfxPal
 .rodata        0x08013b3c      0x820 house_bn_gfx.o
                0x08013b3c                house_bn_gfxTiles
                0x0801433c                house_bn_gfxPal
 .rodata        0x0801435c      0x620 lily_bn_gfx.o
                0x0801435c                lily_bn_gfxTiles
                0x0801495c                lily_bn_gfxPal
 .rodata        0x0801497c      0x620 maple_bn_gfx.o
                0x0801497c                maple_bn_gfxTiles
                0x08014f7c                maple_bn_gfxPal
 .rodata        0x08014f9c      0x800 outside_tiles_bn_gfx.o
                0x08014f9c                outside_tiles_bn_gfxTiles
 .rodata        0x0801579c       0x20 palette_bn_gfx.o
                0x0801579c                palette_bn_gfxPal
 .rodata        0x080157bc      0x620 player_villager_bn_gfx.o
                0x080157bc                player_villager_bn_gfxTiles
                0x08015dbc                player_villager_bn_gfxPal
 .rodata        0x08015ddc      0xbe0 sky_bn_gfx.o
                0x08015ddc                sky_bn_gfxTiles
                0x0801619c                sky_bn_gfxMap
                0x0801699c                sky_bn_gfxPal
 .rodata        0x080169bc      0x820 tree_bn_gfx.o
                0x080169bc                tree_bn_gfxTiles
                0x080171bc                tree_bn_gfxPal
 .rodata        0x080171dc      0x120 tree_stump_bn_gfx.o
                0x080171dc                tree_stump_bn_gfxTiles
                0x080172dc                tree_stump_bn_gfxPal
 .rodata        0x080172fc      0x2ac C:\Users\janwi\AppData\Local\Temp\ccrYZXc2.ltrans0.ltrans.o
                0x080174ac                _ZN2bn2hw7sprites12_GLOBAL__N_1L10_obj_sizesE.lto_priv.0
                0x080175a0                _ZN2bn20sprite_tiles_manager12_GLOBAL__N_1L19_status_log_messageE.lto_priv.0
 .rodata        0x080175a8      0xf30 C:\Users\janwi\AppData\Local\Temp\ccrYZXc2.ltrans1.ltrans.o
 .rodata        0x080184d8      0xef8 verdana9.o
                0x080184d8                verdana9Font
                0x080184f0                verdana9Glyphs
                0x080192f0                verdana9Widths
 *all.rodata*(*)
 *(.roda)
 *(.rodata.*)
 .rodata._bn_audio_soundbank_bin
                0x080193d0        0xc _bn_audio_soundbank.bin.o
                0x080193d0                _bn_audio_soundbank_bin
                0x080193dc                _bn_audio_soundbank_bin_end
 .rodata.str1.4
                0x080193dc     0x101e C:\Users\janwi\AppData\Local\Temp\ccrYZXc2.ltrans0.ltrans.o
                               0x1022 (size before relaxing)
 *fill*         0x0801a3fa        0x2 ff
 .rodata.str1.4
                0x0801a3fc      0xc67 C:\Users\janwi\AppData\Local\Temp\ccrYZXc2.ltrans1.ltrans.o
                               0x1277 (size before relaxing)
 *fill*         0x0801b063        0x1 ff
 .rodata.__cxa_pure_virtual.str1.4
                0x0801b064       0x4b bn_hw_common.bn_noflto.o
                                 0x4f (size before relaxing)
 *fill*         0x0801b0af        0x1 ff
 .rodata.__aeabi_idiv0.str1.4
                0x0801b0b0       0x38 bn_hw_common.bn_noflto.o
 .rodata._ZN2bn2hw8game_pak12_GLOBAL__N_1L8rom_dataE
                0x0801b0e8        0xc bn_hw_game_pak.bn_ewram.o
 *(.gnu.linkonce.r*)
                0x0801b0f4                        . = ALIGN (0x4)

.ARM.extab
 *(.ARM.extab* .gnu.linkonce.armextab.*)
                0x0801b0f4                        __exidx_start = .

.ARM.exidx
 *(.ARM.exidx* .gnu.linkonce.armexidx.*)
                0x0801b0f4                        __exidx_end = .

.ctors          0x0801b0f4        0x0
 *crtbegin.o(.ctors)
 *(EXCLUDE_FILE(*crtend.o) .ctors)
 *(SORT_BY_NAME(.ctors.*))
 *(.ctors)
                0x0801b0f4                        . = ALIGN (0x4)

.dtors          0x0801b0f4        0x0
 *crtbegin.o(.dtors)
 *(EXCLUDE_FILE(*crtend.o) .dtors)
 *(SORT_BY_NAME(.dtors.*))
 *(.dtors)
                0x0801b0f4                        . = ALIGN (0x4)

.eh_frame       0x0801b0f4        0x4
 *(.eh_frame)
 .eh_frame      0x0801b0f4        0x0 C:/devkitPro/devkitARM/bin/../lib/gcc/arm-none-eabi/13.1.0/thumb/crtbegin.o
 .eh_frame      0x0801b0f4        0x4 C:/devkitPro/devkitARM/bin/../lib/gcc/arm-none-eabi/13.1.0/thumb/crtend.o
                0x0801b0f8                        . = ALIGN (0x4)

.gcc_except_table
                0x0801b0f8        0x0
 *(.gcc_except_table)
                0x0801b0f8                        . = ALIGN (0x4)
                0x0801b0f8                        __iwram_lma = .

.iwram          0x03000000     0x2350 load address 0x0801b0f8
                0x03000000                        __iwram_start__ = ABSOLUTE (.)
 *(.iwram .iwram*)
 .iwram         0x03000000      0x26c bn_sprites_manager.bn_iwram.o
                0x03000000                bn::sprites_manager::_check_items_on_screen(bn::intrusive_list<bn::sorted_sprites::layer>&)
                0x030000fc                bn::sprites_manager::_rebuild_handles_impl(int, void*, bn::intrusive_list<bn::sorted_sprites::layer>&)
                0x03000184                bn::sprites_manager::_update_cameras_impl(bn::intrusive_list<bn::sorted_sprites::layer>&)
 .iwram         0x0300026c       0x70 bn_hw_bg_blocks.bn_iwram.o
                0x0300026c                bn::hw::bg_blocks::_commit_offset_half_words(unsigned short const*, unsigned int, unsigned short, unsigned short*)
                0x03000298                bn::hw::bg_blocks::_commit_offset_words(unsigned int const*, unsigned int, unsigned int, unsigned int*)
 .iwram         0x030002dc       0xc4 bn_hw_palettes.bn_iwram.o
                0x030002dc                bn::hw::palettes::brightness(bn::color const*, int, int, bn::color*)
                0x03000344                bn::hw::palettes::_lut_effect(bn::color const*, unsigned char const*, int, bn::color*)
 .iwram         0x030003a0       0xd0 bn_hw_hblank_effects.o
                0x030003a0                bn::hw::hblank_effects::_intr()
                0x0300046c                bn::hw::hblank_effects::data
 .iwram         0x03000470       0x70 clr_blend_fast.o
                0x03000470                clr_blend_fast
 .iwram         0x030004e0       0x70 clr_fade_fast.o
                0x030004e0                clr_fade_fast
 .iwram         0x03000550       0x4c tonc_memset.o
                0x03000550                memset32
 .iwram         0x0300059c      0x134 irq_handler.o
                0x0300059c                IRQ_GlobalInterruptHandler
 .iwram.__aeabi_lmul
                0x030006d0       0x14 lmul.o
                0x030006d0                __aeabi_lmul
 .iwram.__aeabi_memcpy
                0x030006e4       0xdc memcpy.o
                0x030006e4                __aeabi_memcpy
                0x0300071c                __aeabi_memcpy8
                0x0300071c                __aeabi_memcpy4
                0x03000788                __agbabi_memcpy2
                0x030007ac                __agbabi_memcpy1
 .iwram.memcpy  0x030007c0       0x10 memcpy.o
                0x030007c0                memcpy
 .iwram.__aeabi_memmove
                0x030007d0       0x24 memmove.o
                0x030007d0                __aeabi_memmove
                0x030007dc                __aeabi_memmove4
                0x030007dc                __aeabi_memmove8
                0x030007e8                __agbabi_memmove1
 .iwram.memmove
                0x030007f4       0x10 memmove.o
                0x030007f4                memmove
 .iwram.__aeabi_memset
                0x03000804       0xac memset.o
                0x03000804                __aeabi_memset
                0x03000828                __aeabi_memset8
                0x03000828                __aeabi_memset4
                0x03000834                __agbabi_wordset4
                0x03000838                __agbabi_lwordset4
                0x030008a0                __agbabi_memset1
 .iwram.memset  0x030008b0       0x1c memset.o
                0x030008b0                memset
 .iwram.__agbabi_rmemcpy
                0x030008cc       0xe0 rmemcpy.o
                0x030008cc                __agbabi_rmemcpy
                0x03000998                __agbabi_rmemcpy1
 .iwram         0x030009ac       0x3c sdiv32.o
                0x030009ac                __aeabi_idiv
                0x030009ac                __aeabi_idivmod
 .iwram         0x030009e8       0xec sqrt32.o
                0x030009e8                isqrt32
 .iwram         0x03000ad4      0x1e0 udiv32.o
                0x03000ad4                __aeabi_uidivmod
                0x03000ad4                __aeabi_uidiv
                0x03000adc                udiv32pastzero
                0x03000b30                div32Iteration
 .iwram         0x03000cb4       0x98 huffman.o
                0x03000cb4                swi_HuffUnCompReadNormal
 .iwram         0x03000d4c      0x128 lz77.o
                0x03000d4c                swi_LZ77UnCompWrite8bit
                0x03000dd0                swi_LZ77UnCompWrite16bit
 .iwram         0x03000e74       0xec running_length.o
                0x03000e74                swi_RLUnCompReadNormalWrite8bit
                0x03000ed4                swi_RLUnCompReadNormalWrite16bit
 .iwram         0x03000f60      0x554 C:/devkitPro/libgba/lib\libmm.a(mm_mas.o)
                0x03000f60                mppProcessTick
                0x03001044                mpp_Channel_NewNote
                0x03001124                mpp_Update_ACHN_notest
 .iwram         0x030014b4      0x648 C:/devkitPro/libgba/lib\libmm.a(mm_mas_arm.o)
                0x030014b4                mmAllocChannel
                0x03001528                mmReadPattern
                0x03001614                mmUpdateChannel_T0
                0x03001854                mmUpdateChannel_TN
                0x030019f4                mmGetPeriod
                0x03001a38                note_table_oct
                0x03001a56                note_table_mod
 .iwram         0x03001afc      0x838 C:/devkitPro/libgba/lib\libmm.a(mm_mixer_gba.o)
                0x03001b00                mmVBlank
                0x03001b84                mmMixerMix
 .iwram         0x03002334        0x8 C:/devkitPro/libgba/lib\libmm.a(mm_main_gba.o)
                0x03002334                mpp_call_r7i
                0x03002336                mpp_call_r2i
                0x03002338                mpp_call_r1i
 *fill*         0x0300233c        0x4 ff
 .iwram.__stub  0x03002340        0xc linker stubs
 *iwram.*(.text* .data*)
                0x0300234c                        . = ALIGN (0x4)
                0x03002350                        __iwram_end__ = ABSOLUTE (.)
                0x0801d448                        __data_lma = (__iwram_lma + SIZEOF (.iwram))

.bss            0x03002350      0x86c
                0x03002350                        __bss_start = ABSOLUTE (.)
                0x03002350                        __bss_start__ = ABSOLUTE (.)
 *(.dynbss)
 *(.gnu.linkonce.b*)
 *(.bss*)
 .bss.completed.1
                0x03002350        0x1 C:/devkitPro/devkitARM/bin/../lib/gcc/arm-none-eabi/13.1.0/thumb/crtbegin.o
 *fill*         0x03002351        0x3 
 .bss.object.0  0x03002354       0x18 C:/devkitPro/devkitARM/bin/../lib/gcc/arm-none-eabi/13.1.0/thumb/crtbegin.o
 .bss           0x0300236c      0x508 C:\Users\janwi\AppData\Local\Temp\ccrYZXc2.ltrans0.ltrans.o
                0x0300236c                IRQ_VectorTable
                0x030023a4                _ZN2bn22hblank_effects_manager12_GLOBAL__N_113internal_dataE.lto_priv.0
 .bss           0x03002874        0x4 C:\Users\janwi\AppData\Local\Temp\ccrYZXc2.ltrans1.ltrans.o
                0x03002874                fake_heap_end
 .bss           0x03002878      0x148 C:/devkitPro/libgba/lib\libmm.a(mm_mas.o)
                0x03002878                mmLayerMain
                0x030028b0                mmLayerSub
                0x030028e8                mpp_vars
                0x030028f8                mpp_layerp
                0x030028fc                mpp_channels
                0x0300290c                mpp_nchannels
                0x0300290d                mpp_clayer
                0x03002910                mm_achannels
                0x03002914                mm_pchannels
                0x03002918                mm_num_mch
                0x0300291c                mm_num_ach
                0x03002920                mm_schannels
 .bss           0x030029c0        0x8 C:/devkitPro/libgba/lib\libmm.a(mm_main.o)
                0x030029c0                mmCallback
                0x030029c4                mm_ch_mask
 .bss           0x030029c8       0x2d C:/devkitPro/libgba/lib\libmm.a(mm_effect.o)
                0x030029ec                mm_sfx_bitmask
                0x030029f0                mm_sfx_clearmask
 *fill*         0x030029f5        0x3 
 .bss           0x030029f8      0x1bc C:/devkitPro/libgba/lib\libmm.a(mm_mixer_gba.o)
                0x030029f8                mp_writepos
                0x03002a00                mm_mixchannels
                0x03002a08                mm_mixlen
                0x03002a1c                mm_bpmdv
                0x03002a20                mp_mix_seg
 .bss           0x03002bb4        0x8 C:/devkitPro/libgba/lib\libmm.a(mm_main_gba.o)
                0x03002bb4                mm_vblank_function
                0x03002bb8                mp_solution
 *(COMMON)
                0x03002bbc                        . = ALIGN (0x4)
                0x03002bbc                        __bss_end__ = ABSOLUTE (.)

.data           0x03002bbc        0x0 load address 0x0801d448
                0x03002bbc                        __data_start__ = ABSOLUTE (.)
 *(.data*)
 *(.gnu.linkonce.d*)
                0x03002bbc                        . = ALIGN (0x4)
                0x0801d448                        __preinit_lma = (__data_lma + SIZEOF (.data))

.igot.plt       0x03002350        0x0 load address 0x0801d448
 .igot.plt      0x03002350        0x0 C:/devkitPro/devkitARM/bin/../lib/gcc/arm-none-eabi/13.1.0/../../../../arm-none-eabi/lib/thumb/gba_crt0.o

.preinit_array  0x03002bbc        0x0 load address 0x0801d448
                0x03002bbc                        __preinit_array_start = ABSOLUTE (.)
 *(.preinit_array)
                0x03002bbc                        __preinit_array_end = ABSOLUTE (.)
                0x0801d448                        __init_lma = (__preinit_lma + SIZEOF (.preinit_array))

.init_array     0x03002bbc        0x8 load address 0x0801d448
                0x03002bbc                        __init_array_start = ABSOLUTE (.)
 *(SORT_BY_NAME(.init_array.*))
 *(.init_array)
 .init_array    0x03002bbc        0x4 C:/devkitPro/devkitARM/bin/../lib/gcc/arm-none-eabi/13.1.0/thumb/crtbegin.o
 .init_array    0x03002bc0        0x4 C:\Users\janwi\AppData\Local\Temp\ccrYZXc2.ltrans1.ltrans.o
                0x03002bc4                        __init_array_end = ABSOLUTE (.)
                0x0801d450                        __fini_lma = (__init_lma + SIZEOF (.init_array))

.fini_array     0x03002bc4        0x8 load address 0x0801d450
                0x03002bc4                        __fini_array_start = ABSOLUTE (.)
 *(SORT_BY_NAME(.fini_array.*))
 *(.fini_array)
 .fini_array    0x03002bc4        0x4 C:/devkitPro/devkitARM/bin/../lib/gcc/arm-none-eabi/13.1.0/thumb/crtbegin.o
 .fini_array    0x03002bc8        0x4 C:\Users\janwi\AppData\Local\Temp\ccrYZXc2.ltrans1.ltrans.o
                0x03002bcc                        __fini_array_end = ABSOLUTE (.)
                0x0801d458                        __jcr_lma = (__fini_lma + SIZEOF (.fini_array))

.jcr
 *(.jcr)
                0x03002bcc                        __data_end__ = ABSOLUTE (.)
                0x0801d458                        __iwram_overlay_lma = (__jcr_lma + SIZEOF (.jcr))
                0x03002bcc                        __iwram_overlay_start = .

.iwram0         0x03002bcc        0x0 load address 0x0801d458
 *(.iwram0)
                0x03002bcc                        . = ALIGN (0x4)
                0x0801d458                        PROVIDE (__load_start_iwram0 = LOADADDR (.iwram0))
                0x0801d458                        PROVIDE (__load_stop_iwram0 = (LOADADDR (.iwram0) + SIZEOF (.iwram0)))

.iwram1         0x03002bcc        0x0
 *(.iwram1)
                0x03002bcc                        . = ALIGN (0x4)
                [!provide]                        PROVIDE (__load_start_iwram1 = LOADADDR (.iwram1))
                [!provide]                        PROVIDE (__load_stop_iwram1 = (LOADADDR (.iwram1) + SIZEOF (.iwram1)))

.iwram2         0x03002bcc        0x0
 *(.iwram2)
                0x03002bcc                        . = ALIGN (0x4)
                [!provide]                        PROVIDE (__load_start_iwram2 = LOADADDR (.iwram2))
                [!provide]                        PROVIDE (__load_stop_iwram2 = (LOADADDR (.iwram2) + SIZEOF (.iwram2)))

.iwram3         0x03002bcc        0x0
 *(.iwram3)
                0x03002bcc                        . = ALIGN (0x4)
                [!provide]                        PROVIDE (__load_start_iwram3 = LOADADDR (.iwram3))
                [!provide]                        PROVIDE (__load_stop_iwram3 = (LOADADDR (.iwram3) + SIZEOF (.iwram3)))

.iwram4         0x03002bcc        0x0
 *(.iwram4)
                0x03002bcc                        . = ALIGN (0x4)
                [!provide]                        PROVIDE (__load_start_iwram4 = LOADADDR (.iwram4))
                [!provide]                        PROVIDE (__load_stop_iwram4 = (LOADADDR (.iwram4) + SIZEOF (.iwram4)))

.iwram5         0x03002bcc        0x0
 *(.iwram5)
                0x03002bcc                        . = ALIGN (0x4)
                [!provide]                        PROVIDE (__load_start_iwram5 = LOADADDR (.iwram5))
                [!provide]                        PROVIDE (__load_stop_iwram5 = (LOADADDR (.iwram5) + SIZEOF (.iwram5)))

.iwram6         0x03002bcc        0x0
 *(.iwram6)
                0x03002bcc                        . = ALIGN (0x4)
                [!provide]                        PROVIDE (__load_start_iwram6 = LOADADDR (.iwram6))
                [!provide]                        PROVIDE (__load_stop_iwram6 = (LOADADDR (.iwram6) + SIZEOF (.iwram6)))

.iwram7         0x03002bcc        0x0
 *(.iwram7)
                0x03002bcc                        . = ALIGN (0x4)
                [!provide]                        PROVIDE (__load_start_iwram7 = LOADADDR (.iwram7))
                [!provide]                        PROVIDE (__load_stop_iwram7 = (LOADADDR (.iwram7) + SIZEOF (.iwram7)))

.iwram8         0x03002bcc        0x0
 *(.iwram8)
                0x03002bcc                        . = ALIGN (0x4)
                [!provide]                        PROVIDE (__load_start_iwram8 = LOADADDR (.iwram8))
                [!provide]                        PROVIDE (__load_stop_iwram8 = (LOADADDR (.iwram8) + SIZEOF (.iwram8)))

.iwram9         0x03002bcc        0x0
 *(.iwram9)
                0x03002bcc                        . = ALIGN (0x4)
                [!provide]                        PROVIDE (__load_start_iwram9 = LOADADDR (.iwram9))
                [!provide]                        PROVIDE (__load_stop_iwram9 = (LOADADDR (.iwram9) + SIZEOF (.iwram9)))
                0x03002bcc                        __iwram_overlay_end = .
                0x0801d458                        __ewram_lma = (__iwram_overlay_lma + (__iwram_overlay_end - __iwram_overlay_start))
                0x03002bcc                        __iheap_start = .
                0x02000000                        __ewram_start = ORIGIN (ewram)

.ewram          0x02000000     0x8190 load address 0x0801d458
 *(.ewram*)
 .ewram         0x02000000     0x8148 C:\Users\janwi\AppData\Local\Temp\ccrYZXc2.ltrans0.ltrans.o
                0x02000000                _ZN2bn15cameras_manager12_GLOBAL__N_14dataE.lto_priv.0
                0x02000054                _ZN2bn4core12_GLOBAL__N_14dataE.lto_priv.0
                0x02000098                _ZN2bn2hw5audio12_GLOBAL__N_14dataE.lto_priv.0
                0x020000dc                _ZN2bn12hdma_manager12_GLOBAL__N_14dataE.lto_priv.0
                0x02000118                _ZN2bn14memory_manager12_GLOBAL__N_14dataE.lto_priv.0
                0x02000128                _ZN2bn13audio_manager12_GLOBAL__N_14dataE.lto_priv.0
                0x020001d0                _ZN2bn2hw4link12_GLOBAL__N_14dataE.lto_priv.0
                0x02000e50                _ZN2bn26sprite_affine_mats_manager12_GLOBAL__N_14dataE.lto_priv.0
                0x02001710                _ZN2bn22hblank_effects_manager12_GLOBAL__N_113external_dataE.lto_priv.0
                0x02003154                _ZN2bn20sprite_tiles_manager12_GLOBAL__N_14dataE.lto_priv.0
                0x020047c8                _ZN2bn16palettes_manager12_GLOBAL__N_14dataE.lto_priv.0
                0x02005490                _ZN2bn15sprites_manager12_GLOBAL__N_14dataE.lto_priv.0
                0x02007ae0                _ZN2bn11bgs_manager12_GLOBAL__N_14dataE.lto_priv.0
                0x02007d8c                _ZN2bn17bg_blocks_manager12_GLOBAL__N_14dataE.lto_priv.0
                0x020080a0                _ZN2bn15display_manager12_GLOBAL__N_14dataE.lto_priv.0
 .ewram         0x02008148       0x48 C:\Users\janwi\AppData\Local\Temp\ccrYZXc2.ltrans1.ltrans.o
                0x02008190                        . = ALIGN (0x4)
                0x02008190                        __ewram_end = ABSOLUTE (.)
                0x080255e8                        __pad_lma = (__ewram_lma + SIZEOF (.ewram))

.sbss           0x02008190       0x98
                0x02008190                        __sbss_start__ = ABSOLUTE (.)
 *(.sbss*)
 .sbss          0x02008190       0x98 C:\Users\janwi\AppData\Local\Temp\ccrYZXc2.ltrans0.ltrans.o
                0x02008190                gbt.lto_priv.0
                0x02008228                        . = ALIGN (0x4)
                0x02008228                        __sbss_end__ = ABSOLUTE (.)
                0x02008228                        __end__ = ABSOLUTE (.)
                0x02008228                        __eheap_start = ABSOLUTE (.)

.pad            0x02008228        0x8 load address 0x080255e8
                0x02008228        0x4 LONG 0x52416b64
                0x0200822c        0x4 LONG 0x4d
                0x02008230                        . = ALIGN (0x4)
                0x080255f0                        __rom_end__ = (__pad_lma + SIZEOF (.pad))

.rel.dyn        0x02008230        0x0 load address 0x080255f0
 .rel.iplt      0x02008230        0x0 C:/devkitPro/devkitARM/bin/../lib/gcc/arm-none-eabi/13.1.0/../../../../arm-none-eabi/lib/thumb/gba_crt0.o

.stab
 *(.stab)

.stabstr
 *(.stabstr)

.stab.excl
 *(.stab.excl)

.stab.exclstr
 *(.stab.exclstr)

.stab.index
 *(.stab.index)

.stab.indexstr
 *(.stab.indexstr)

.comment        0x00000000       0x23
 *(.comment)
 .comment       0x00000000       0x23 C:/devkitPro/devkitARM/bin/../lib/gcc/arm-none-eabi/13.1.0/thumb/crtbegin.o
                                 0x24 (size before relaxing)
 .comment       0x00000023       0x24 C:\Users\janwi\AppData\Local\Temp\ccrYZXc2.ltrans0.ltrans.o
 .comment       0x00000023       0x24 C:\Users\janwi\AppData\Local\Temp\ccrYZXc2.ltrans1.ltrans.o
 .comment       0x00000023       0x24 bn_sprites_manager.bn_iwram.o
 .comment       0x00000023       0x24 bn_hw_bg_blocks.bn_iwram.o
 .comment       0x00000023       0x24 bn_hw_common.bn_noflto.o
 .comment       0x00000023       0x24 bn_hw_game_pak.bn_ewram.o
 .comment       0x00000023       0x24 bn_hw_palettes.bn_iwram.o
 .comment       0x00000023       0x24 C:/devkitPro/devkitARM/bin/../lib/gcc/arm-none-eabi/13.1.0/thumb/crtend.o

.debug
 *(.debug)

.line
 *(.line)

.debug_srcinfo
 *(.debug_srcinfo)

.debug_sfnames
 *(.debug_sfnames)

.debug_aranges  0x00000000      0x3c8
 *(.debug_aranges)
 .debug_aranges
                0x00000000       0x28 C:\Users\janwi\AppData\Local\Temp\ccrYZXc2.ltrans0.ltrans.o
 .debug_aranges
                0x00000028       0x30 C:\Users\janwi\AppData\Local\Temp\ccrYZXc2.ltrans1.ltrans.o
 .debug_aranges
                0x00000058       0x30 bn_sprites_manager.bn_iwram.o
 .debug_aranges
                0x00000088       0x28 bn_hw_bg_blocks.bn_iwram.o
 .debug_aranges
                0x000000b0       0x50 bn_hw_common.bn_noflto.o
 .debug_aranges
                0x00000100       0x20 bn_hw_game_pak.bn_ewram.o
 .debug_aranges
                0x00000120       0x28 bn_hw_palettes.bn_iwram.o
 .debug_aranges
                0x00000148       0x20 bn_hw_hblank_effects.o
 .debug_aranges
                0x00000168       0x20 clr_blend_fast.o
 .debug_aranges
                0x00000188       0x20 clr_fade_fast.o
 .debug_aranges
                0x000001a8       0x20 tonc_bios.o
 .debug_aranges
                0x000001c8       0x28 tonc_memset.o
 .debug_aranges
                0x000001f0       0x20 irq_handler.o
 .debug_aranges
                0x00000210       0x20 posprintf.o
 .debug_aranges
                0x00000230       0x38 lmul.o
 .debug_aranges
                0x00000268       0x28 memcpy.o
 .debug_aranges
                0x00000290       0x28 memmove.o
 .debug_aranges
                0x000002b8       0x30 memset.o
 .debug_aranges
                0x000002e8       0x20 rmemcpy.o
 .debug_aranges
                0x00000308       0x20 sdiv32.o
 .debug_aranges
                0x00000328       0x20 sqrt32.o
 .debug_aranges
                0x00000348       0x20 udiv32.o
 .debug_aranges
                0x00000368       0x20 huffman.o
 .debug_aranges
                0x00000388       0x20 lz77.o
 .debug_aranges
                0x000003a8       0x20 running_length.o

.debug_pubnames
 *(.debug_pubnames)

.debug_info     0x00000000   0x20c5ad
 *(.debug_info)
 .debug_info    0x00000000    0x2621a C:\Users\janwi\AppData\Local\Temp\ccrYZXc2.ltrans0.ltrans.o
 .debug_info    0x0002621a    0x1a6fd C:\Users\janwi\AppData\Local\Temp\ccrYZXc2.ltrans1.ltrans.o
 .debug_info    0x00040917     0x7811 C:\Users\janwi\AppData\Local\Temp\cc6Sv8Ve.debug.temp.o
                0x00040917                ac_camera.cpp.676ed1b1
 .debug_info    0x00048128    0x10ae9 C:\Users\janwi\AppData\Local\Temp\ccaofgro.debug.temp.o
                0x00048128                ac_core.cpp.78927b47
 .debug_info    0x00058c11     0x7e38 C:\Users\janwi\AppData\Local\Temp\ccCLIUYx.debug.temp.o
                0x00058c11                ac_entity.cpp.11027211
 .debug_info    0x00060a49     0x8aaa C:\Users\janwi\AppData\Local\Temp\ccS5txgV.debug.temp.o
                0x00060a49                ac_grounds.cpp.37191d1f
 .debug_info    0x000694f3     0x8a64 C:\Users\janwi\AppData\Local\Temp\ccqobhY8.debug.temp.o
                0x000694f3                ac_house.cpp.617694aa
 .debug_info    0x00071f57      0xf3a C:\Users\janwi\AppData\Local\Temp\ccM7V9KA.debug.temp.o
                0x00071f57                ac_math.cpp.98087d1b
 .debug_info    0x00072e91     0xb519 C:\Users\janwi\AppData\Local\Temp\ccOBdBJO.debug.temp.o
                0x00072e91                ac_player.cpp.a01132a4
 .debug_info    0x0007e3aa     0x8afb C:\Users\janwi\AppData\Local\Temp\cc0eD5R1.debug.temp.o
                0x0007e3aa                ac_tree.cpp.f1cb1882
 .debug_info    0x00086ea5     0x9363 C:\Users\janwi\AppData\Local\Temp\ccmI7PAs.debug.temp.o
                0x00086ea5                ac_villagers.cpp.e3f14900
 .debug_info    0x00090208     0xd88b C:\Users\janwi\AppData\Local\Temp\cc0fTq0E.debug.temp.o
                0x00090208                main.cpp.79117f4d
 .debug_info    0x0009da93     0x8ad3 C:\Users\janwi\AppData\Local\Temp\ccScWRuR.debug.temp.o
                0x0009da93                common_info.cpp.18f9bc73
 .debug_info    0x000a6566     0x9b38 C:\Users\janwi\AppData\Local\Temp\ccm9Os83.debug.temp.o
                0x000a6566                common_stats.cpp.684bc0b2
 .debug_info    0x000b009e     0x8fe9 C:\Users\janwi\AppData\Local\Temp\ccCmYvVg.debug.temp.o
                0x000b009e                bn_affine_bg_animate_actions.cpp.185e910e
 .debug_info    0x000b9087     0x9800 C:\Users\janwi\AppData\Local\Temp\ccWdn3Gs.debug.temp.o
                0x000b9087                bn_audio_manager.cpp.88c6b847
 .debug_info    0x000c2887     0x47b2 C:\Users\janwi\AppData\Local\Temp\cci4emNE.debug.temp.o
                0x000c2887                bn_best_fit_allocator.cpp.cbab1be3
 .debug_info    0x000c7039    0x1e335 C:\Users\janwi\AppData\Local\Temp\ccm3LP2Q.debug.temp.o
                0x000c7039                bn_bg_blocks_manager.cpp.d206fb9a
 .debug_info    0x000e536e    0x1e575 C:\Users\janwi\AppData\Local\Temp\ccqY8UZ6.debug.temp.o
                0x000e536e                bn_bgs_manager.cpp.87e12980
 .debug_info    0x001038e3     0x4bce C:\Users\janwi\AppData\Local\Temp\cca1Wr6m.debug.temp.o
                0x001038e3                bn_cameras_manager.cpp.abd921a2
 .debug_info    0x001084b1     0x65ae C:\Users\janwi\AppData\Local\Temp\ccMFCzfD.debug.temp.o
                0x001084b1                bn_color_effect.cpp.19c3ce1d
 .debug_info    0x0010ea5f     0x5814 C:\Users\janwi\AppData\Local\Temp\ccMyPvyT.debug.temp.o
                0x0010ea5f                bn_core.cpp.2df880c6
 .debug_info    0x00114273    0x12927 C:\Users\janwi\AppData\Local\Temp\ccUbQWP8.debug.temp.o
                0x00114273                bn_display_manager.cpp.b109d35e
 .debug_info    0x00126b9a     0x1acc C:\Users\janwi\AppData\Local\Temp\ccwRgo4D.debug.temp.o
                0x00126b9a                bn_generic_pool.cpp.0efddfb5
 .debug_info    0x00128666      0x631 C:\Users\janwi\AppData\Local\Temp\ccGT1KQS.debug.temp.o
                0x00128666                bn_gpio_manager.cpp.cfe9b452
 .debug_info    0x00128c97    0x375b5 C:\Users\janwi\AppData\Local\Temp\ccsVChM7.debug.temp.o
                0x00128c97                bn_hblank_effects_manager.cpp.22714d39
 .debug_info    0x0016024c     0x1cad C:\Users\janwi\AppData\Local\Temp\cccYiCMm.debug.temp.o
                0x0016024c                bn_hdma_manager.cpp.9038158e
 .debug_info    0x00161ef9     0x4b9a C:\Users\janwi\AppData\Local\Temp\ccA58nWB.debug.temp.o
                0x00161ef9                bn_keypad_manager.cpp.45cea78c
 .debug_info    0x00166a93     0x4fdd C:\Users\janwi\AppData\Local\Temp\cc6Gos2P.debug.temp.o
                0x00166a93                bn_link_manager.cpp.621c112f
 .debug_info    0x0016ba70      0xd64 C:\Users\janwi\AppData\Local\Temp\ccoxRHh4.debug.temp.o
                0x0016ba70                bn_log.cpp.08acc751
 .debug_info    0x0016c7d4     0x365e C:\Users\janwi\AppData\Local\Temp\ccSvf8Di.debug.temp.o
                0x0016c7d4                bn_math.cpp.3fecacac
 .debug_info    0x0016fe32     0x4cc0 C:\Users\janwi\AppData\Local\Temp\cc0wKI9w.debug.temp.o
                0x0016fe32                bn_memory_manager.cpp.537561df
 .debug_info    0x00174af2     0xdeb0 C:\Users\janwi\AppData\Local\Temp\ccmzCKkP.debug.temp.o
                0x00174af2                bn_palettes_manager.cpp.03890534
 .debug_info    0x001829a2     0xf176 C:\Users\janwi\AppData\Local\Temp\ccWKfP7h.debug.temp.o
                0x001829a2                bn_sprite_affine_mats_manager.cpp.f3188459
 .debug_info    0x00191b18     0x88fa C:\Users\janwi\AppData\Local\Temp\ccYEEzhA.debug.temp.o
                0x00191b18                bn_sprite_animate_actions.cpp.85807796
 .debug_info    0x0019a412    0x1434d C:\Users\janwi\AppData\Local\Temp\cc8iROpR.debug.temp.o
                0x0019a412                bn_sprite_text_generator.cpp.48b36f0e
 .debug_info    0x001ae75f     0xe51b C:\Users\janwi\AppData\Local\Temp\ccWZaeH8.debug.temp.o
                0x001ae75f                bn_sprite_tiles_manager.cpp.076a7f0f
 .debug_info    0x001bcc7a    0x1a26d C:\Users\janwi\AppData\Local\Temp\ccuUt57p.debug.temp.o
                0x001bcc7a                bn_sprites_manager.cpp.5f8432af
 .debug_info    0x001d6ee7     0x6025 C:\Users\janwi\AppData\Local\Temp\cc4yuLYX.debug.temp.o
                0x001d6ee7                bn_sstream.cpp.73693da9
 .debug_info    0x001dcf0c      0x5e4 C:\Users\janwi\AppData\Local\Temp\cc2ggExe.debug.temp.o
                0x001dcf0c                bn_timer.cpp.1384111d
 .debug_info    0x001dd4f0     0x5268 C:\Users\janwi\AppData\Local\Temp\ccMfiZfv.debug.temp.o
                0x001dd4f0                bn_hw_audio.cpp.bda1d537
 .debug_info    0x001e2758      0xa82 C:\Users\janwi\AppData\Local\Temp\cc6aTt7L.debug.temp.o
                0x001e2758                bn_hw_cstdlib.cpp.eba78d18
 .debug_info    0x001e31da      0x4d4 C:\Users\janwi\AppData\Local\Temp\cc8OVcE6.debug.temp.o
                0x001e31da                bn_hw_cstring.cpp.8db4fd83
 .debug_info    0x001e36ae      0x4ca C:\Users\janwi\AppData\Local\Temp\ccoGJUqr.debug.temp.o
                0x001e36ae                bn_hw_game_pak.cpp.7e9ea3ff
 .debug_info    0x001e3b78      0x64b C:\Users\janwi\AppData\Local\Temp\ccEDWHiM.debug.temp.o
                0x001e3b78                bn_hw_irq.cpp.d85466e8
 .debug_info    0x001e41c3     0x5c78 C:\Users\janwi\AppData\Local\Temp\ccwAZEj7.debug.temp.o
                0x001e41c3                bn_hw_link.cpp.e1c261b0
 .debug_info    0x001e9e3b      0xeaf C:\Users\janwi\AppData\Local\Temp\ccyk76ir.debug.temp.o
                0x001e9e3b                bn_hw_log.cpp.60a3d328
 .debug_info    0x001eacea      0xe2f C:\Users\janwi\AppData\Local\Temp\ccKvWhBL.debug.temp.o
                0x001eacea                bn_hw_memory.cpp.e83e8493
 .debug_info    0x001ebb19     0x48b8 C:\Users\janwi\AppData\Local\Temp\ccCM9C25.debug.temp.o
                0x001ebb19                bn_hw_palettes.cpp.83dddfc0
 .debug_info    0x001f03d1     0x5f3b C:\Users\janwi\AppData\Local\Temp\ccAKTssp.debug.temp.o
                0x001f03d1                bn_hw_show.cpp.003e3711
 .debug_info    0x001f630c      0x549 C:\Users\janwi\AppData\Local\Temp\ccejOtM2.debug.temp.o
                0x001f630c                bn_hw_sram.cpp.b98370b6
 .debug_info    0x001f6855     0x41ac C:\Users\janwi\AppData\Local\Temp\ccGRF3nF.debug.temp.o
                0x001f6855                bn_hw_text.cpp.66d5ae3d
 .debug_info    0x001faa01      0x713 C:\Users\janwi\AppData\Local\Temp\ccQ16fjY.debug.temp.o
                0x001faa01                tonc_color.c.3655b9ea
 .debug_info    0x001fb114      0x8e8 C:\Users\janwi\AppData\Local\Temp\ccImgUnh.debug.temp.o
                0x001fb114                tonc_sbmp16.c.ad02d53e
 .debug_info    0x001fb9fc      0x596 C:\Users\janwi\AppData\Local\Temp\cci4FUHA.debug.temp.o
                0x001fb9fc                bmp16_drawg_b1cs.c.1d0b9e99
 .debug_info    0x001fbf92      0x543 C:\Users\janwi\AppData\Local\Temp\cccWhnHX.debug.temp.o
                0x001fbf92                tte_init_bmp.c.7d4cf5ca
 .debug_info    0x001fc4d5      0x9ca C:\Users\janwi\AppData\Local\Temp\ccINJZPk.debug.temp.o
                0x001fc4d5                tte_main.c.8a910dc6
 .debug_info    0x001fce9f      0x1b3 C:\Users\janwi\AppData\Local\Temp\ccWPT37H.debug.temp.o
                0x001fce9f                interrupts_gba.c.a1dab8e3
 .debug_info    0x001fd052     0x1166 C:\Users\janwi\AppData\Local\Temp\ccOUaiz5.debug.temp.o
                0x001fd052                gbt_player.c.00a83adc
 .debug_info    0x001fe1b8     0xa426 bn_sprites_manager.bn_iwram.o
 .debug_info    0x002085de      0xbd7 bn_hw_bg_blocks.bn_iwram.o
 .debug_info    0x002091b5     0x18f8 bn_hw_common.bn_noflto.o
 .debug_info    0x0020aaad      0x5f4 bn_hw_game_pak.bn_ewram.o
 .debug_info    0x0020b0a1     0x10c6 bn_hw_palettes.bn_iwram.o
 .debug_info    0x0020c167       0x24 bn_hw_hblank_effects.o
 .debug_info    0x0020c18b       0x30 clr_blend_fast.o
 .debug_info    0x0020c1bb       0x23 clr_fade_fast.o
 .debug_info    0x0020c1de      0x1ca tonc_bios.o
 .debug_info    0x0020c3a8       0x3a tonc_memset.o
 .debug_info    0x0020c3e2       0x24 irq_handler.o
 .debug_info    0x0020c406       0x24 posprintf.o
 .debug_info    0x0020c42a       0x22 lmul.o
 .debug_info    0x0020c44c       0x22 memcpy.o
 .debug_info    0x0020c46e       0x22 memmove.o
 .debug_info    0x0020c490       0x22 memset.o
 .debug_info    0x0020c4b2       0x24 rmemcpy.o
 .debug_info    0x0020c4d6       0x23 sdiv32.o
 .debug_info    0x0020c4f9       0x24 sqrt32.o
 .debug_info    0x0020c51d       0x24 udiv32.o
 .debug_info    0x0020c541       0x24 huffman.o
 .debug_info    0x0020c565       0x24 lz77.o
 .debug_info    0x0020c589       0x24 running_length.o

.debug_abbrev   0x00000000    0x1dfcd
 *(.debug_abbrev)
 .debug_abbrev  0x00000000      0x338 C:\Users\janwi\AppData\Local\Temp\ccrYZXc2.ltrans0.ltrans.o
 .debug_abbrev  0x00000338      0x367 C:\Users\janwi\AppData\Local\Temp\ccrYZXc2.ltrans1.ltrans.o
 .debug_abbrev  0x0000069f      0x8e2 C:\Users\janwi\AppData\Local\Temp\cc6Sv8Ve.debug.temp.o
 .debug_abbrev  0x00000f81      0xd95 C:\Users\janwi\AppData\Local\Temp\ccaofgro.debug.temp.o
 .debug_abbrev  0x00001d16      0x915 C:\Users\janwi\AppData\Local\Temp\ccCLIUYx.debug.temp.o
 .debug_abbrev  0x0000262b      0xa74 C:\Users\janwi\AppData\Local\Temp\ccS5txgV.debug.temp.o
 .debug_abbrev  0x0000309f      0xa74 C:\Users\janwi\AppData\Local\Temp\ccqobhY8.debug.temp.o
 .debug_abbrev  0x00003b13      0x421 C:\Users\janwi\AppData\Local\Temp\ccM7V9KA.debug.temp.o
 .debug_abbrev  0x00003f34      0xbb6 C:\Users\janwi\AppData\Local\Temp\ccOBdBJO.debug.temp.o
 .debug_abbrev  0x00004aea      0xa74 C:\Users\janwi\AppData\Local\Temp\cc0eD5R1.debug.temp.o
 .debug_abbrev  0x0000555e      0xabb C:\Users\janwi\AppData\Local\Temp\ccmI7PAs.debug.temp.o
 .debug_abbrev  0x00006019      0xaa1 C:\Users\janwi\AppData\Local\Temp\cc0fTq0E.debug.temp.o
 .debug_abbrev  0x00006aba      0x9f3 C:\Users\janwi\AppData\Local\Temp\ccScWRuR.debug.temp.o
 .debug_abbrev  0x000074ad      0xa49 C:\Users\janwi\AppData\Local\Temp\ccm9Os83.debug.temp.o
 .debug_abbrev  0x00007ef6      0x987 C:\Users\janwi\AppData\Local\Temp\ccCmYvVg.debug.temp.o
 .debug_abbrev  0x0000887d      0xb26 C:\Users\janwi\AppData\Local\Temp\ccWdn3Gs.debug.temp.o
 .debug_abbrev  0x000093a3      0x8db C:\Users\janwi\AppData\Local\Temp\cci4emNE.debug.temp.o
 .debug_abbrev  0x00009c7e      0xdc8 C:\Users\janwi\AppData\Local\Temp\ccm3LP2Q.debug.temp.o
 .debug_abbrev  0x0000aa46     0x1014 C:\Users\janwi\AppData\Local\Temp\ccqY8UZ6.debug.temp.o
 .debug_abbrev  0x0000ba5a      0x990 C:\Users\janwi\AppData\Local\Temp\cca1Wr6m.debug.temp.o
 .debug_abbrev  0x0000c3ea      0x89e C:\Users\janwi\AppData\Local\Temp\ccMFCzfD.debug.temp.o
 .debug_abbrev  0x0000cc88      0xa84 C:\Users\janwi\AppData\Local\Temp\ccMyPvyT.debug.temp.o
 .debug_abbrev  0x0000d70c      0xbbd C:\Users\janwi\AppData\Local\Temp\ccUbQWP8.debug.temp.o
 .debug_abbrev  0x0000e2c9      0x5ca C:\Users\janwi\AppData\Local\Temp\ccwRgo4D.debug.temp.o
 .debug_abbrev  0x0000e893      0x1e6 C:\Users\janwi\AppData\Local\Temp\ccGT1KQS.debug.temp.o
 .debug_abbrev  0x0000ea79      0xf48 C:\Users\janwi\AppData\Local\Temp\ccsVChM7.debug.temp.o
 .debug_abbrev  0x0000f9c1      0x58e C:\Users\janwi\AppData\Local\Temp\cccYiCMm.debug.temp.o
 .debug_abbrev  0x0000ff4f      0x8e6 C:\Users\janwi\AppData\Local\Temp\ccA58nWB.debug.temp.o
 .debug_abbrev  0x00010835      0x9d7 C:\Users\janwi\AppData\Local\Temp\cc6Gos2P.debug.temp.o
 .debug_abbrev  0x0001120c      0x327 C:\Users\janwi\AppData\Local\Temp\ccoxRHh4.debug.temp.o
 .debug_abbrev  0x00011533      0x75c C:\Users\janwi\AppData\Local\Temp\ccSvf8Di.debug.temp.o
 .debug_abbrev  0x00011c8f      0x8b7 C:\Users\janwi\AppData\Local\Temp\cc0wKI9w.debug.temp.o
 .debug_abbrev  0x00012546      0xcbd C:\Users\janwi\AppData\Local\Temp\ccmzCKkP.debug.temp.o
 .debug_abbrev  0x00013203      0xdd9 C:\Users\janwi\AppData\Local\Temp\ccWKfP7h.debug.temp.o
 .debug_abbrev  0x00013fdc      0x951 C:\Users\janwi\AppData\Local\Temp\ccYEEzhA.debug.temp.o
 .debug_abbrev  0x0001492d      0xc61 C:\Users\janwi\AppData\Local\Temp\cc8iROpR.debug.temp.o
 .debug_abbrev  0x0001558e      0xda0 C:\Users\janwi\AppData\Local\Temp\ccWZaeH8.debug.temp.o
 .debug_abbrev  0x0001632e      0xe15 C:\Users\janwi\AppData\Local\Temp\ccuUt57p.debug.temp.o
 .debug_abbrev  0x00017143      0x816 C:\Users\janwi\AppData\Local\Temp\cc4yuLYX.debug.temp.o
 .debug_abbrev  0x00017959      0x1fd C:\Users\janwi\AppData\Local\Temp\cc2ggExe.debug.temp.o
 .debug_abbrev  0x00017b56      0xbaa C:\Users\janwi\AppData\Local\Temp\ccMfiZfv.debug.temp.o
 .debug_abbrev  0x00018700      0x25b C:\Users\janwi\AppData\Local\Temp\cc6aTt7L.debug.temp.o
 .debug_abbrev  0x0001895b      0x145 C:\Users\janwi\AppData\Local\Temp\cc8OVcE6.debug.temp.o
 .debug_abbrev  0x00018aa0      0x132 C:\Users\janwi\AppData\Local\Temp\ccoGJUqr.debug.temp.o
 .debug_abbrev  0x00018bd2      0x1ad C:\Users\janwi\AppData\Local\Temp\ccEDWHiM.debug.temp.o
 .debug_abbrev  0x00018d7f      0xa43 C:\Users\janwi\AppData\Local\Temp\ccwAZEj7.debug.temp.o
 .debug_abbrev  0x000197c2      0x3b2 C:\Users\janwi\AppData\Local\Temp\ccyk76ir.debug.temp.o
 .debug_abbrev  0x00019b74      0x411 C:\Users\janwi\AppData\Local\Temp\ccKvWhBL.debug.temp.o
 .debug_abbrev  0x00019f85      0x7ae C:\Users\janwi\AppData\Local\Temp\ccCM9C25.debug.temp.o
 .debug_abbrev  0x0001a733      0x981 C:\Users\janwi\AppData\Local\Temp\ccAKTssp.debug.temp.o
 .debug_abbrev  0x0001b0b4      0x192 C:\Users\janwi\AppData\Local\Temp\ccejOtM2.debug.temp.o
 .debug_abbrev  0x0001b246      0x709 C:\Users\janwi\AppData\Local\Temp\ccGRF3nF.debug.temp.o
 .debug_abbrev  0x0001b94f      0x15d C:\Users\janwi\AppData\Local\Temp\ccQ16fjY.debug.temp.o
 .debug_abbrev  0x0001baac      0x1df C:\Users\janwi\AppData\Local\Temp\ccImgUnh.debug.temp.o
 .debug_abbrev  0x0001bc8b      0x174 C:\Users\janwi\AppData\Local\Temp\cci4FUHA.debug.temp.o
 .debug_abbrev  0x0001bdff      0x1b1 C:\Users\janwi\AppData\Local\Temp\cccWhnHX.debug.temp.o
 .debug_abbrev  0x0001bfb0      0x266 C:\Users\janwi\AppData\Local\Temp\ccINJZPk.debug.temp.o
 .debug_abbrev  0x0001c216       0xed C:\Users\janwi\AppData\Local\Temp\ccWPT37H.debug.temp.o
 .debug_abbrev  0x0001c303      0x187 C:\Users\janwi\AppData\Local\Temp\ccOUaiz5.debug.temp.o
 .debug_abbrev  0x0001c48a      0xa7c bn_sprites_manager.bn_iwram.o
 .debug_abbrev  0x0001cf06      0x2f3 bn_hw_bg_blocks.bn_iwram.o
 .debug_abbrev  0x0001d1f9      0x5aa bn_hw_common.bn_noflto.o
 .debug_abbrev  0x0001d7a3      0x1d1 bn_hw_game_pak.bn_ewram.o
 .debug_abbrev  0x0001d974      0x4bf bn_hw_palettes.bn_iwram.o
 .debug_abbrev  0x0001de33       0x14 bn_hw_hblank_effects.o
 .debug_abbrev  0x0001de47       0x28 clr_blend_fast.o
 .debug_abbrev  0x0001de6f       0x14 clr_fade_fast.o
 .debug_abbrev  0x0001de83       0x28 tonc_bios.o
 .debug_abbrev  0x0001deab       0x26 tonc_memset.o
 .debug_abbrev  0x0001ded1       0x14 irq_handler.o
 .debug_abbrev  0x0001dee5       0x14 posprintf.o
 .debug_abbrev  0x0001def9       0x12 lmul.o
 .debug_abbrev  0x0001df0b       0x12 memcpy.o
 .debug_abbrev  0x0001df1d       0x12 memmove.o
 .debug_abbrev  0x0001df2f       0x12 memset.o
 .debug_abbrev  0x0001df41       0x14 rmemcpy.o
 .debug_abbrev  0x0001df55       0x14 sdiv32.o
 .debug_abbrev  0x0001df69       0x14 sqrt32.o
 .debug_abbrev  0x0001df7d       0x14 udiv32.o
 .debug_abbrev  0x0001df91       0x14 huffman.o
 .debug_abbrev  0x0001dfa5       0x14 lz77.o
 .debug_abbrev  0x0001dfb9       0x14 running_length.o

.debug_line     0x00000000    0x3bbd6
 *(.debug_line)
 .debug_line    0x00000000    0x14cbd C:\Users\janwi\AppData\Local\Temp\ccrYZXc2.ltrans0.ltrans.o
 .debug_line    0x00014cbd     0xcec3 C:\Users\janwi\AppData\Local\Temp\ccrYZXc2.ltrans1.ltrans.o
 .debug_line    0x00021b80      0x7b1 C:\Users\janwi\AppData\Local\Temp\cc6Sv8Ve.debug.temp.o
 .debug_line    0x00022331      0xb47 C:\Users\janwi\AppData\Local\Temp\ccaofgro.debug.temp.o
 .debug_line    0x00022e78      0x768 C:\Users\janwi\AppData\Local\Temp\ccCLIUYx.debug.temp.o
 .debug_line    0x000235e0      0x825 C:\Users\janwi\AppData\Local\Temp\ccS5txgV.debug.temp.o
 .debug_line    0x00023e05      0x812 C:\Users\janwi\AppData\Local\Temp\ccqobhY8.debug.temp.o
 .debug_line    0x00024617      0x2e5 C:\Users\janwi\AppData\Local\Temp\ccM7V9KA.debug.temp.o
 .debug_line    0x000248fc      0x8a4 C:\Users\janwi\AppData\Local\Temp\ccOBdBJO.debug.temp.o
 .debug_line    0x000251a0      0x82f C:\Users\janwi\AppData\Local\Temp\cc0eD5R1.debug.temp.o
 .debug_line    0x000259cf      0x881 C:\Users\janwi\AppData\Local\Temp\ccmI7PAs.debug.temp.o
 .debug_line    0x00026250      0xaae C:\Users\janwi\AppData\Local\Temp\cc0fTq0E.debug.temp.o
 .debug_line    0x00026cfe      0x75c C:\Users\janwi\AppData\Local\Temp\ccScWRuR.debug.temp.o
 .debug_line    0x0002745a      0x7ae C:\Users\janwi\AppData\Local\Temp\ccm9Os83.debug.temp.o
 .debug_line    0x00027c08      0x6c9 C:\Users\janwi\AppData\Local\Temp\ccCmYvVg.debug.temp.o
 .debug_line    0x000282d1      0x7fe C:\Users\janwi\AppData\Local\Temp\ccWdn3Gs.debug.temp.o
 .debug_line    0x00028acf      0x5cc C:\Users\janwi\AppData\Local\Temp\cci4emNE.debug.temp.o
 .debug_line    0x0002909b      0xab9 C:\Users\janwi\AppData\Local\Temp\ccm3LP2Q.debug.temp.o
 .debug_line    0x00029b54      0xc10 C:\Users\janwi\AppData\Local\Temp\ccqY8UZ6.debug.temp.o
 .debug_line    0x0002a764      0x67e C:\Users\janwi\AppData\Local\Temp\cca1Wr6m.debug.temp.o
 .debug_line    0x0002ade2      0x6e9 C:\Users\janwi\AppData\Local\Temp\ccMFCzfD.debug.temp.o
 .debug_line    0x0002b4cb      0x8dd C:\Users\janwi\AppData\Local\Temp\ccMyPvyT.debug.temp.o
 .debug_line    0x0002bda8      0xb25 C:\Users\janwi\AppData\Local\Temp\ccUbQWP8.debug.temp.o
 .debug_line    0x0002c8cd      0x41f C:\Users\janwi\AppData\Local\Temp\ccwRgo4D.debug.temp.o
 .debug_line    0x0002ccec      0x2a0 C:\Users\janwi\AppData\Local\Temp\ccGT1KQS.debug.temp.o
 .debug_line    0x0002cf8c     0x1d09 C:\Users\janwi\AppData\Local\Temp\ccsVChM7.debug.temp.o
 .debug_line    0x0002ec95      0x4ce C:\Users\janwi\AppData\Local\Temp\cccYiCMm.debug.temp.o
 .debug_line    0x0002f163      0x617 C:\Users\janwi\AppData\Local\Temp\ccA58nWB.debug.temp.o
 .debug_line    0x0002f77a      0x6fb C:\Users\janwi\AppData\Local\Temp\cc6Gos2P.debug.temp.o
 .debug_line    0x0002fe75      0x404 C:\Users\janwi\AppData\Local\Temp\ccoxRHh4.debug.temp.o
 .debug_line    0x00030279      0x609 C:\Users\janwi\AppData\Local\Temp\ccSvf8Di.debug.temp.o
 .debug_line    0x00030882      0x753 C:\Users\janwi\AppData\Local\Temp\cc0wKI9w.debug.temp.o
 .debug_line    0x00030fd5      0x992 C:\Users\janwi\AppData\Local\Temp\ccmzCKkP.debug.temp.o
 .debug_line    0x00031967      0x999 C:\Users\janwi\AppData\Local\Temp\ccWKfP7h.debug.temp.o
 .debug_line    0x00032300      0x662 C:\Users\janwi\AppData\Local\Temp\ccYEEzhA.debug.temp.o
 .debug_line    0x00032962      0x8b3 C:\Users\janwi\AppData\Local\Temp\cc8iROpR.debug.temp.o
 .debug_line    0x00033215      0x87f C:\Users\janwi\AppData\Local\Temp\ccWZaeH8.debug.temp.o
 .debug_line    0x00033a94      0xb5e C:\Users\janwi\AppData\Local\Temp\ccuUt57p.debug.temp.o
 .debug_line    0x000345f2      0x5c3 C:\Users\janwi\AppData\Local\Temp\cc4yuLYX.debug.temp.o
 .debug_line    0x00034bb5      0x2d1 C:\Users\janwi\AppData\Local\Temp\cc2ggExe.debug.temp.o
 .debug_line    0x00034e86      0x674 C:\Users\janwi\AppData\Local\Temp\ccMfiZfv.debug.temp.o
 .debug_line    0x000354fa      0x25e C:\Users\janwi\AppData\Local\Temp\cc6aTt7L.debug.temp.o
 .debug_line    0x00035758      0x237 C:\Users\janwi\AppData\Local\Temp\cc8OVcE6.debug.temp.o
 .debug_line    0x0003598f      0x2b4 C:\Users\janwi\AppData\Local\Temp\ccoGJUqr.debug.temp.o
 .debug_line    0x00035c43      0x2af C:\Users\janwi\AppData\Local\Temp\ccEDWHiM.debug.temp.o
 .debug_line    0x00035ef2      0x610 C:\Users\janwi\AppData\Local\Temp\ccwAZEj7.debug.temp.o
 .debug_line    0x00036502      0x46d C:\Users\janwi\AppData\Local\Temp\ccyk76ir.debug.temp.o
 .debug_line    0x0003696f      0x40b C:\Users\janwi\AppData\Local\Temp\ccKvWhBL.debug.temp.o
 .debug_line    0x00036d7a      0x5fb C:\Users\janwi\AppData\Local\Temp\ccCM9C25.debug.temp.o
 .debug_line    0x00037375      0x753 C:\Users\janwi\AppData\Local\Temp\ccAKTssp.debug.temp.o
 .debug_line    0x00037ac8      0x2ba C:\Users\janwi\AppData\Local\Temp\ccejOtM2.debug.temp.o
 .debug_line    0x00037d82      0x5e1 C:\Users\janwi\AppData\Local\Temp\ccGRF3nF.debug.temp.o
 .debug_line    0x00038363       0xe1 C:\Users\janwi\AppData\Local\Temp\ccQ16fjY.debug.temp.o
 .debug_line    0x00038444       0xc6 C:\Users\janwi\AppData\Local\Temp\ccImgUnh.debug.temp.o
 .debug_line    0x0003850a       0xce C:\Users\janwi\AppData\Local\Temp\cci4FUHA.debug.temp.o
 .debug_line    0x000385d8       0xca C:\Users\janwi\AppData\Local\Temp\cccWhnHX.debug.temp.o
 .debug_line    0x000386a2      0x155 C:\Users\janwi\AppData\Local\Temp\ccINJZPk.debug.temp.o
 .debug_line    0x000387f7      0x134 C:\Users\janwi\AppData\Local\Temp\ccWPT37H.debug.temp.o
 .debug_line    0x0003892b      0x131 C:\Users\janwi\AppData\Local\Temp\ccOUaiz5.debug.temp.o
 .debug_line    0x00038a5c      0xef4 bn_sprites_manager.bn_iwram.o
 .debug_line    0x00039950      0x4ac bn_hw_bg_blocks.bn_iwram.o
 .debug_line    0x00039dfc      0x63e bn_hw_common.bn_noflto.o
 .debug_line    0x0003a43a      0x446 bn_hw_game_pak.bn_ewram.o
 .debug_line    0x0003a880      0x690 bn_hw_palettes.bn_iwram.o
 .debug_line    0x0003af10       0x98 bn_hw_hblank_effects.o
 .debug_line    0x0003afa8       0x8f clr_blend_fast.o
 .debug_line    0x0003b037       0x8e clr_fade_fast.o
 .debug_line    0x0003b0c5       0xb2 tonc_bios.o
 .debug_line    0x0003b177       0xad tonc_memset.o
 .debug_line    0x0003b224       0xca irq_handler.o
 .debug_line    0x0003b2ee      0x1a4 posprintf.o
 .debug_line    0x0003b492       0xaa lmul.o
 .debug_line    0x0003b53c       0xb1 memcpy.o
 .debug_line    0x0003b5ed       0x84 memmove.o
 .debug_line    0x0003b671       0xbb memset.o
 .debug_line    0x0003b72c       0x9e rmemcpy.o
 .debug_line    0x0003b7ca       0x7b sdiv32.o
 .debug_line    0x0003b845       0xa7 sqrt32.o
 .debug_line    0x0003b8ec       0xe4 udiv32.o
 .debug_line    0x0003b9d0       0x97 huffman.o
 .debug_line    0x0003ba67       0xba lz77.o
 .debug_line    0x0003bb21       0xb5 running_length.o

.debug_frame    0x00000000     0x1864
 *(.debug_frame)
 .debug_frame   0x00000000      0x660 C:\Users\janwi\AppData\Local\Temp\ccrYZXc2.ltrans0.ltrans.o
 .debug_frame   0x00000660      0xfdc C:\Users\janwi\AppData\Local\Temp\ccrYZXc2.ltrans1.ltrans.o
 .debug_frame   0x0000163c       0x94 bn_sprites_manager.bn_iwram.o
 .debug_frame   0x000016d0       0x40 bn_hw_bg_blocks.bn_iwram.o
 .debug_frame   0x00001710       0xd4 bn_hw_common.bn_noflto.o
 .debug_frame   0x000017e4       0x38 bn_hw_game_pak.bn_ewram.o
 .debug_frame   0x0000181c       0x48 bn_hw_palettes.bn_iwram.o

.debug_str      0x00000000    0x846f6
 *(.debug_str)
 .debug_str     0x00000000      0x898 C:\Users\janwi\AppData\Local\Temp\ccrYZXc2.ltrans0.ltrans.o
                                0x917 (size before relaxing)
 .debug_str     0x00000898      0x35f C:\Users\janwi\AppData\Local\Temp\ccrYZXc2.ltrans1.ltrans.o
                                0xa33 (size before relaxing)
 .debug_str     0x00000bf7     0x2fc7 C:\Users\janwi\AppData\Local\Temp\cc6Sv8Ve.debug.temp.o
                               0x71d1 (size before relaxing)
 .debug_str     0x00003bbe     0x8d6f C:\Users\janwi\AppData\Local\Temp\ccaofgro.debug.temp.o
                              0x10f22 (size before relaxing)
 .debug_str     0x0000c92d       0x54 C:\Users\janwi\AppData\Local\Temp\ccCLIUYx.debug.temp.o
                               0x77f6 (size before relaxing)
 .debug_str     0x0000c981      0x2c1 C:\Users\janwi\AppData\Local\Temp\ccS5txgV.debug.temp.o
                               0x807b (size before relaxing)
 .debug_str     0x0000cc42       0x91 C:\Users\janwi\AppData\Local\Temp\ccqobhY8.debug.temp.o
                               0x803f (size before relaxing)
 .debug_str     0x0000ccd3      0x174 C:\Users\janwi\AppData\Local\Temp\ccM7V9KA.debug.temp.o
                                0xf4a (size before relaxing)
 .debug_str     0x0000ce47      0x86e C:\Users\janwi\AppData\Local\Temp\ccOBdBJO.debug.temp.o
                               0xaa83 (size before relaxing)
 .debug_str     0x0000d6b5       0xe5 C:\Users\janwi\AppData\Local\Temp\cc0eD5R1.debug.temp.o
                               0x80d3 (size before relaxing)
 .debug_str     0x0000d79a      0x3e0 C:\Users\janwi\AppData\Local\Temp\ccmI7PAs.debug.temp.o
                               0x861a (size before relaxing)
 .debug_str     0x0000db7a       0x6d C:\Users\janwi\AppData\Local\Temp\cc0fTq0E.debug.temp.o
                               0xf29e (size before relaxing)
 .debug_str     0x0000dbe7     0x26dc C:\Users\janwi\AppData\Local\Temp\ccScWRuR.debug.temp.o
                               0x8c22 (size before relaxing)
 .debug_str     0x000102c3      0x83c C:\Users\janwi\AppData\Local\Temp\ccm9Os83.debug.temp.o
                               0x951b (size before relaxing)
 .debug_str     0x00010aff     0x50f6 C:\Users\janwi\AppData\Local\Temp\ccCmYvVg.debug.temp.o
                               0x874f (size before relaxing)
 .debug_str     0x00015bf5     0x4478 C:\Users\janwi\AppData\Local\Temp\ccWdn3Gs.debug.temp.o
                               0x6feb (size before relaxing)
 .debug_str     0x0001a06d      0xa70 C:\Users\janwi\AppData\Local\Temp\cci4emNE.debug.temp.o
                               0x2be7 (size before relaxing)
 .debug_str     0x0001aadd     0xd46f C:\Users\janwi\AppData\Local\Temp\ccm3LP2Q.debug.temp.o
                              0x15f83 (size before relaxing)
 .debug_str     0x00027f4c     0x9a55 C:\Users\janwi\AppData\Local\Temp\ccqY8UZ6.debug.temp.o
                              0x195eb (size before relaxing)
 .debug_str     0x000319a1      0x36a C:\Users\janwi\AppData\Local\Temp\cca1Wr6m.debug.temp.o
                               0x3850 (size before relaxing)
 .debug_str     0x00031d0b     0x1015 C:\Users\janwi\AppData\Local\Temp\ccMFCzfD.debug.temp.o
                               0x4826 (size before relaxing)
 .debug_str     0x00032d20     0x151d C:\Users\janwi\AppData\Local\Temp\ccMyPvyT.debug.temp.o
                               0x4965 (size before relaxing)
 .debug_str     0x0003423d     0x495e C:\Users\janwi\AppData\Local\Temp\ccUbQWP8.debug.temp.o
                              0x1438d (size before relaxing)
 .debug_str     0x00038b9b       0x7f C:\Users\janwi\AppData\Local\Temp\ccwRgo4D.debug.temp.o
                               0x1522 (size before relaxing)
 .debug_str     0x00038c1a      0x170 C:\Users\janwi\AppData\Local\Temp\ccGT1KQS.debug.temp.o
                                0x6ba (size before relaxing)
 .debug_str     0x00038d8a    0x289cf C:\Users\janwi\AppData\Local\Temp\ccsVChM7.debug.temp.o
                              0x42191 (size before relaxing)
 .debug_str     0x00061759      0x367 C:\Users\janwi\AppData\Local\Temp\cccYiCMm.debug.temp.o
                               0x15bb (size before relaxing)
 .debug_str     0x00061ac0      0x768 C:\Users\janwi\AppData\Local\Temp\ccA58nWB.debug.temp.o
                               0x3969 (size before relaxing)
 .debug_str     0x00062228     0x1623 C:\Users\janwi\AppData\Local\Temp\cc6Gos2P.debug.temp.o
                               0x3abb (size before relaxing)
 .debug_str     0x0006384b       0x4a C:\Users\janwi\AppData\Local\Temp\ccoxRHh4.debug.temp.o
                                0x982 (size before relaxing)
 .debug_str     0x00063895       0xd2 C:\Users\janwi\AppData\Local\Temp\ccSvf8Di.debug.temp.o
                               0x259c (size before relaxing)
 .debug_str     0x00063967      0x7d0 C:\Users\janwi\AppData\Local\Temp\cc0wKI9w.debug.temp.o
                               0x323e (size before relaxing)
 .debug_str     0x00064137     0x1fe5 C:\Users\janwi\AppData\Local\Temp\ccmzCKkP.debug.temp.o
                               0xb9b2 (size before relaxing)
 .debug_str     0x0006611c     0x210e C:\Users\janwi\AppData\Local\Temp\ccWKfP7h.debug.temp.o
                               0xe424 (size before relaxing)
 .debug_str     0x0006822a     0x17be C:\Users\janwi\AppData\Local\Temp\ccYEEzhA.debug.temp.o
                               0x78d4 (size before relaxing)
 .debug_str     0x000699e8     0x1717 C:\Users\janwi\AppData\Local\Temp\cc8iROpR.debug.temp.o
                               0xf215 (size before relaxing)
 .debug_str     0x0006b0ff     0x4b03 C:\Users\janwi\AppData\Local\Temp\ccWZaeH8.debug.temp.o
                               0xb5e8 (size before relaxing)
 .debug_str     0x0006fc02     0x42b2 C:\Users\janwi\AppData\Local\Temp\ccuUt57p.debug.temp.o
                              0x170fe (size before relaxing)
 .debug_str     0x00073eb4      0x945 C:\Users\janwi\AppData\Local\Temp\cc4yuLYX.debug.temp.o
                               0x3f3b (size before relaxing)
 .debug_str     0x000747f9       0x67 C:\Users\janwi\AppData\Local\Temp\cc2ggExe.debug.temp.o
                                0x55e (size before relaxing)
 .debug_str     0x00074860      0x7e3 C:\Users\janwi\AppData\Local\Temp\ccMfiZfv.debug.temp.o
                               0x2f3f (size before relaxing)
 .debug_str     0x00075043       0x3f C:\Users\janwi\AppData\Local\Temp\cc6aTt7L.debug.temp.o
                                0x620 (size before relaxing)
 .debug_str     0x00075082       0x31 C:\Users\janwi\AppData\Local\Temp\cc8OVcE6.debug.temp.o
                                0x4ac (size before relaxing)
 .debug_str     0x000750b3       0x49 C:\Users\janwi\AppData\Local\Temp\ccoGJUqr.debug.temp.o
                                0x513 (size before relaxing)
 .debug_str     0x000750fc      0x117 C:\Users\janwi\AppData\Local\Temp\ccEDWHiM.debug.temp.o
                                0x66e (size before relaxing)
 .debug_str     0x00075213     0x1f89 C:\Users\janwi\AppData\Local\Temp\ccwAZEj7.debug.temp.o
                               0x42a6 (size before relaxing)
 .debug_str     0x0007719c       0xb7 C:\Users\janwi\AppData\Local\Temp\ccyk76ir.debug.temp.o
                                0xa74 (size before relaxing)
 .debug_str     0x00077253       0xc9 C:\Users\janwi\AppData\Local\Temp\ccKvWhBL.debug.temp.o
                                0xa81 (size before relaxing)
 .debug_str     0x0007731c      0xa10 C:\Users\janwi\AppData\Local\Temp\ccCM9C25.debug.temp.o
                               0x2aa6 (size before relaxing)
 .debug_str     0x00077d2c      0x3cc C:\Users\janwi\AppData\Local\Temp\ccAKTssp.debug.temp.o
                               0x3f58 (size before relaxing)
 .debug_str     0x000780f8       0x38 C:\Users\janwi\AppData\Local\Temp\ccejOtM2.debug.temp.o
                                0x54e (size before relaxing)
 .debug_str     0x00078130      0x4c6 C:\Users\janwi\AppData\Local\Temp\ccGRF3nF.debug.temp.o
                               0x2974 (size before relaxing)
 .debug_str     0x000785f6      0x1e5 C:\Users\janwi\AppData\Local\Temp\ccQ16fjY.debug.temp.o
                                0x2ed (size before relaxing)
 .debug_str     0x000787db      0x21b C:\Users\janwi\AppData\Local\Temp\ccImgUnh.debug.temp.o
                                0x3e1 (size before relaxing)
 .debug_str     0x000789f6       0x7c C:\Users\janwi\AppData\Local\Temp\cci4FUHA.debug.temp.o
                                0x34a (size before relaxing)
 .debug_str     0x00078a72       0x8c C:\Users\janwi\AppData\Local\Temp\cccWhnHX.debug.temp.o
                                0x38e (size before relaxing)
 .debug_str     0x00078afe      0x164 C:\Users\janwi\AppData\Local\Temp\ccINJZPk.debug.temp.o
                                0x582 (size before relaxing)
 .debug_str     0x00078c62       0x75 C:\Users\janwi\AppData\Local\Temp\ccWPT37H.debug.temp.o
                                0x2db (size before relaxing)
 .debug_str     0x00078cd7      0x7d5 C:\Users\janwi\AppData\Local\Temp\ccOUaiz5.debug.temp.o
                                0xa9e (size before relaxing)
 .debug_str     0x000794ac     0x9e5f bn_sprites_manager.bn_iwram.o
                               0xa929 (size before relaxing)
 .debug_str     0x0008330b      0x10f bn_hw_bg_blocks.bn_iwram.o
                                0x7ab (size before relaxing)
 .debug_str     0x0008341a      0xa9b bn_hw_common.bn_noflto.o
                               0x1138 (size before relaxing)
 .debug_str     0x00083eb5      0x10a bn_hw_game_pak.bn_ewram.o
                                0x585 (size before relaxing)
 .debug_str     0x00083fbf      0x109 bn_hw_palettes.bn_iwram.o
                                0x911 (size before relaxing)
 .debug_str     0x000840c8       0x42 bn_hw_hblank_effects.o
                                 0x79 (size before relaxing)
 .debug_str     0x0008410a       0x51 clr_blend_fast.o
                                 0x94 (size before relaxing)
 .debug_str     0x0008415b       0x41 clr_fade_fast.o
                                 0x84 (size before relaxing)
 .debug_str     0x0008419c      0x1e7 tonc_bios.o
                                0x238 (size before relaxing)
 .debug_str     0x00084383       0x51 tonc_memset.o
                                 0x94 (size before relaxing)
 .debug_str     0x000843d4       0x3f irq_handler.o
                                 0x82 (size before relaxing)
 .debug_str     0x00084413       0x3f posprintf.o
                                 0x82 (size before relaxing)
 .debug_str     0x00084452       0x37 lmul.o
                                 0x7a (size before relaxing)
 .debug_str     0x00084489       0x39 memcpy.o
                                 0x7c (size before relaxing)
 .debug_str     0x000844c2       0x3a memmove.o
                                 0x7d (size before relaxing)
 .debug_str     0x000844fc       0x39 memset.o
                                 0x7c (size before relaxing)
 .debug_str     0x00084535       0x3a rmemcpy.o
                                 0x7d (size before relaxing)
 .debug_str     0x0008456f       0x3d sdiv32.o
                                 0x80 (size before relaxing)
 .debug_str     0x000845ac       0x3d sqrt32.o
                                 0x80 (size before relaxing)
 .debug_str     0x000845e9       0x3d udiv32.o
                                 0x80 (size before relaxing)
 .debug_str     0x00084626       0x44 huffman.o
                                 0x87 (size before relaxing)
 .debug_str     0x0008466a       0x41 lz77.o
                                 0x84 (size before relaxing)
 .debug_str     0x000846ab       0x4b running_length.o
                                 0x8e (size before relaxing)

.debug_loc      0x00000000    0x5635c
 *(.debug_loc)
 .debug_loc     0x00000000    0x3358d C:\Users\janwi\AppData\Local\Temp\ccrYZXc2.ltrans0.ltrans.o
 .debug_loc     0x0003358d    0x21a00 C:\Users\janwi\AppData\Local\Temp\ccrYZXc2.ltrans1.ltrans.o
 .debug_loc     0x00054f8d      0xc3f bn_sprites_manager.bn_iwram.o
 .debug_loc     0x00055bcc       0xd8 bn_hw_bg_blocks.bn_iwram.o
 .debug_loc     0x00055ca4      0x286 bn_hw_common.bn_noflto.o
 .debug_loc     0x00055f2a       0xc1 bn_hw_game_pak.bn_ewram.o
 .debug_loc     0x00055feb      0x371 bn_hw_palettes.bn_iwram.o

.debug_macinfo
 *(.debug_macinfo)

.debug_weaknames
 *(.debug_weaknames)

.debug_funcnames
 *(.debug_funcnames)

.debug_typenames
 *(.debug_typenames)

.debug_varnames
 *(.debug_varnames)

.stack          0x00080000        0x0
                0x00080000                        _stack = .
 *(.stack)

.note.gnu.arm.ident
 *(.note.gnu.arm.ident)

.ARM.attributes
                0x00000000       0x2c
 *(.ARM.attributes)
 .ARM.attributes
                0x00000000       0x20 C:/devkitPro/devkitARM/bin/../lib/gcc/arm-none-eabi/13.1.0/../../../../arm-none-eabi/lib/thumb/gba_crt0.o
 .ARM.attributes
                0x00000020       0x1c C:/devkitPro/devkitARM/bin/../lib/gcc/arm-none-eabi/13.1.0/thumb/crti.o
 .ARM.attributes
                0x0000003c       0x2a C:/devkitPro/devkitARM/bin/../lib/gcc/arm-none-eabi/13.1.0/thumb/crtbegin.o
 .ARM.attributes
                0x00000066       0x1a _bn_audio_soundbank.bin.o
 .ARM.attributes
                0x00000080       0x1a coco_bn_gfx.o
 .ARM.attributes
                0x0000009a       0x1a def_villager_bn_gfx.o
 .ARM.attributes
                0x000000b4       0x1a grass_bn_gfx.o
 .ARM.attributes
                0x000000ce       0x1a house_bn_gfx.o
 .ARM.attributes
                0x000000e8       0x1a lily_bn_gfx.o
 .ARM.attributes
                0x00000102       0x1a maple_bn_gfx.o
 .ARM.attributes
                0x0000011c       0x1a outside_tiles_bn_gfx.o
 .ARM.attributes
                0x00000136       0x1a palette_bn_gfx.o
 .ARM.attributes
                0x00000150       0x1a player_villager_bn_gfx.o
 .ARM.attributes
                0x0000016a       0x1a sky_bn_gfx.o
 .ARM.attributes
                0x00000184       0x1a tree_bn_gfx.o
 .ARM.attributes
                0x0000019e       0x1a tree_stump_bn_gfx.o
 .ARM.attributes
                0x000001b8       0x1a common_fixed_8x16_font_bn_gfx.o
 .ARM.attributes
                0x000001d2       0x1a common_fixed_8x8_font_bn_gfx.o
 .ARM.attributes
                0x000001ec       0x1a common_variable_16x16_font_bn_gfx.o
 .ARM.attributes
                0x00000206       0x1a common_variable_8x16_font_bn_gfx.o
 .ARM.attributes
                0x00000220       0x1a common_variable_8x8_font_bn_gfx.o
 .ARM.attributes
                0x0000023a       0x28 C:\Users\janwi\AppData\Local\Temp\ccrYZXc2.ltrans0.ltrans.o
 .ARM.attributes
                0x00000262       0x28 C:\Users\janwi\AppData\Local\Temp\ccrYZXc2.ltrans1.ltrans.o
 .ARM.attributes
                0x0000028a       0x26 bn_sprites_manager.bn_iwram.o
 .ARM.attributes
                0x000002b0       0x26 bn_hw_bg_blocks.bn_iwram.o
 .ARM.attributes
                0x000002d6       0x26 bn_hw_common.bn_noflto.o
 .ARM.attributes
                0x000002fc       0x26 bn_hw_game_pak.bn_ewram.o
 .ARM.attributes
                0x00000322       0x26 bn_hw_memory.bn_iwram.o
 .ARM.attributes
                0x00000348       0x26 bn_hw_palettes.bn_iwram.o
 .ARM.attributes
                0x0000036e       0x26 bn_hw_sprite_tiles.bn_iwram.o
 .ARM.attributes
                0x00000394       0x26 bn_hw_sram.bn_ewram.o
 .ARM.attributes
                0x000003ba       0x1a bn_hw_core.o